<html>
<body>
<pre>
<h1>礦ision Build Log</h1>
<h2>Tool Versions:</h2>
IDE-Version: μVision V5.21.1.0
Copyright (C) 2016 ARM Ltd and ARM Germany GmbH. All rights reserved.
License Information: aaa aaa, aaa, LIC=NHY12-9J3IF-WHS88-3D6EP-15VIC-1ETJL
 
Tool Versions:
Toolchain:       MDK-ARM Professional  Version: 5.21a
Toolchain Path:  C:\Keil_v5\ARM\ARMCC\Bin
C Compiler:      Armcc.exe V5.06 update 3 (build 300)
Assembler:       Armasm.exe V5.06 update 3 (build 300)
Linker/Locator:  ArmLink.exe V5.06 update 3 (build 300)
Library Manager: ArmAr.exe V5.06 update 3 (build 300)
Hex Converter:   FromElf.exe V5.06 update 3 (build 300)
CPU DLL:         SARMCM3.DLL V5.21a
Dialog DLL:      DCM.DLL V1.13.8.0
Target DLL:      UL2CM3.DLL V1.158.5.0
Dialog DLL:      TCM.DLL V1.14.14.0
 
<h2>Project:</h2>
C:\小车文件\底盘\USER\Robot.uvprojx
Project File Date:  04/14/2018

<h2>Output:</h2>
*** Using Compiler 'V5.06 update 3 (build 300)', folder: 'C:\Keil_v5\ARM\ARMCC\Bin'
Rebuild target 'Robot'
compiling stm32f4xx_it.c...
compiling rtc.c...
compiling beep.c...
compiling main.c...
compiling system_stm32f4xx.c...
compiling led.c...
compiling lcd.c...
compiling spi.c...
compiling exti.c...
compiling nvic.c...
compiling w25qxx.c...
compiling uart_arm.c...
compiling uart_syslink.c...
compiling sdcard.c...
assembling startup_stm32f40_41xxx.s...
compiling uart_debug.c...
compiling usart_remote.c...
compiling pwm_motors.c...
compiling misc.c...
compiling system.c...
compiling stm32f4xx_fsmc.c...
compiling stm32f4xx_gpio.c...
compiling stm32f4xx_syscfg.c...
compiling stm32f4xx_rcc.c...
compiling stm32f4xx_exti.c...
compiling stm32f4xx_tim.c...
compiling stm32f4xx_usart.c...
compiling stm32f4xx_dma.c...
compiling stm32f4xx_can.c...
compiling stm32f4xx_sdio.c...
compiling stm32f4xx_rtc.c...
compiling stm32f4xx_spi.c...
compiling stm32f4xx_pwr.c...
compiling sys.c...
compiling delay.c...
compiling list.c...
compiling queue.c...
compiling heap_4.c...
compiling port.c...
compiling exfuns.c...
compiling tasks.c...
compiling timers.c...
compiling config_param.c...
compiling diskio.c...
compiling ff.c...
compiling cc936.c...
compiling remote.c...
compiling gps.c...
compiling supervise.c...
compiling stabilizer.c...
compiling io.c...
compiling compass.c...
compiling fontupd.c...
compiling text.c...
compiling debug_assert.c...
compiling combug.c...
compiling freeRTOSdebug.c...
compiling atkp.c...
compiling maslink.c...
compiling armlink.c...
linking...
Program Size: Code=82974 RO-data=8166 RW-data=1184 ZI-data=38120  
FromELF: creating hex file...
"..\OBJ\Robot.axf" - 0 Error(s), 0 Warning(s).

<h2>Collection of Component include folders:</h2>
  C:\小车文件\底盘\USER\RTE
  C:\Keil_v5\ARM\PACK\Keil\STM32F4xx_DFP\2.9.0\Drivers\CMSIS\Device\ST\STM32F4xx\Include

<h2>Collection of Component Files used:</h2>
Build Time Elapsed:  00:00:39
</pre>
</body>
</html>
