Component: ARM Compiler 5.06 update 3 (build 300) Tool: armlink [4d35c9]

==============================================================================

Section Cross References

    main.o(.text) refers to stm32f4xx_rcc.o(.text) for RCC_AHB1PeriphClockCmd
    main.o(.text) refers to port.o(.text) for vPortEnterCritical
    main.o(.text) refers to tasks.o(.text) for xTaskCreate
    main.o(.text) refers to system.o(.text) for systemInit
    main.o(.text) refers to nvic.o(.text) for getSysTickCnt
    main.o(.text) refers to armlink.o(.text) for armlinkReciveTask
    main.o(.text) refers to maslink.o(.text) for maslinkTask
    main.o(.text) refers to atkp.o(.text) for atkpRxAnlTask
    main.o(.text) refers to stabilizer.o(.text) for stabilizerTask
    main.o(.text) refers to io.o(.text) for ioTask
    main.o(.text) refers to config_param.o(.text) for configParamTask
    main.o(.text) refers to main.o(.data) for StartTask_Handler
    system_stm32f4xx.o(.text) refers to system_stm32f4xx.o(.data) for SystemCoreClock
    led.o(.text) refers to stm32f4xx_rcc.o(.text) for RCC_AHB1PeriphClockCmd
    led.o(.text) refers to stm32f4xx_gpio.o(.text) for GPIO_Init
    beep.o(.text) refers to stm32f4xx_rcc.o(.text) for RCC_AHB1PeriphClockCmd
    beep.o(.text) refers to stm32f4xx_gpio.o(.text) for GPIO_Init
    rtc.o(.text) refers to stm32f4xx_rtc.o(.text) for RTC_SetTime
    rtc.o(.text) refers to stm32f4xx_rcc.o(.text) for RCC_APB1PeriphClockCmd
    rtc.o(.text) refers to stm32f4xx_pwr.o(.text) for PWR_BackupAccessCmd
    rtc.o(.text) refers to delay.o(.text) for delay_ms
    lcd.o(.text) refers to delay.o(.text) for delay_us
    lcd.o(.text) refers to dfltui.o(.text) for __aeabi_ui2d
    lcd.o(.text) refers to dmul.o(.text) for __aeabi_dmul
    lcd.o(.text) refers to dfixui.o(.text) for __aeabi_d2uiz
    lcd.o(.text) refers to lcd.o(.bss) for lcddev
    lcd.o(.text) refers to lcd.o(.data) for POINT_COLOR
    lcd.o(.text) refers to stm32f4xx_rcc.o(.text) for RCC_AHB1PeriphClockCmd
    lcd.o(.text) refers to stm32f4xx_gpio.o(.text) for GPIO_Init
    lcd.o(.text) refers to stm32f4xx_fsmc.o(.text) for FSMC_NORSRAMInit
    lcd.o(.text) refers to lcd.o(.constdata) for asc2_1206
    nvic.o(.emb_text) refers to nvic.o(.text) for printHardFault
    nvic.o(.text) refers to misc.o(.text) for NVIC_PriorityGroupConfig
    nvic.o(.text) refers to tasks.o(.text) for xTaskGetSchedulerState
    nvic.o(.text) refers to port.o(.text) for xPortSysTickHandler
    nvic.o(.text) refers to printfa.o(i.__0printf) for __2printf
    nvic.o(.text) refers to nvic.o(.data) for sysTickCnt
    exti.o(.text) refers to stm32f4xx_rcc.o(.text) for RCC_AHB2PeriphClockCmd
    exti.o(.text) refers to misc.o(.text) for NVIC_Init
    exti.o(.text) refers to stm32f4xx_exti.o(.text) for EXTI_ClearITPendingBit
    exti.o(.text) refers to exti.o(.data) for NVIC_InitStructure
    spi.o(.text) refers to stm32f4xx_spi.o(.text) for SPI_I2S_GetFlagStatus
    spi.o(.text) refers to stm32f4xx_rcc.o(.text) for RCC_AHB1PeriphClockCmd
    spi.o(.text) refers to stm32f4xx_gpio.o(.text) for GPIO_Init
    w25qxx.o(.text) refers to spi.o(.text) for SPI1_ReadWriteByte
    w25qxx.o(.text) refers to stm32f4xx_rcc.o(.text) for RCC_AHB1PeriphClockCmd
    w25qxx.o(.text) refers to stm32f4xx_gpio.o(.text) for GPIO_Init
    w25qxx.o(.text) refers to delay.o(.text) for delay_us
    w25qxx.o(.text) refers to w25qxx.o(.data) for W25QXX_TYPE
    w25qxx.o(.text) refers to w25qxx.o(.bss) for W25QXX_BUFFER
    sdcard.o(.text) refers to stm32f4xx_sdio.o(.text) for SDIO_GetFlagStatus
    sdcard.o(.text) refers to sdcard.o(.data) for DeviceMode
    sdcard.o(.text) refers to sdcard.o(.bss) for SDIO_CmdInitStructure
    sdcard.o(.text) refers to stm32f4xx_rcc.o(.text) for RCC_AHB1PeriphClockCmd
    sdcard.o(.text) refers to stm32f4xx_gpio.o(.text) for GPIO_Init
    sdcard.o(.text) refers to misc.o(.text) for NVIC_Init
    sdcard.o(.text) refers to stm32f4xx_dma.o(.text) for DMA_GetCmdStatus
    sdcard.o(.text) refers to sys.o(.emb_text) for INTX_DISABLE
    sdcard.o(.text) refers to memcpya.o(.text) for __aeabi_memcpy
    uart_arm.o(.text) refers to queue.o(.text) for xQueueGenericCreate
    uart_arm.o(.text) refers to debug_assert.o(.text) for assertFail
    uart_arm.o(.text) refers to stm32f4xx_rcc.o(.text) for RCC_AHB1PeriphClockCmd
    uart_arm.o(.text) refers to stm32f4xx_usart.o(.text) for USART_DeInit
    uart_arm.o(.text) refers to stm32f4xx_gpio.o(.text) for GPIO_PinAFConfig
    uart_arm.o(.text) refers to misc.o(.text) for NVIC_Init
    uart_arm.o(.text) refers to uart_arm.o(.data) for uartarmDataDelivery
    uart_syslink.o(.text) refers to queue.o(.text) for xQueueGenericCreate
    uart_syslink.o(.text) refers to debug_assert.o(.text) for assertFail
    uart_syslink.o(.text) refers to stm32f4xx_rcc.o(.text) for RCC_AHB1PeriphClockCmd
[...]
    TIM_GetCounter                           0x08006635   Thumb Code     6  stm32f4xx_tim.o(.text)
    TIM_GetPrescaler                         0x0800663b   Thumb Code     6  stm32f4xx_tim.o(.text)
    TIM_UpdateDisableConfig                  0x08006641   Thumb Code    24  stm32f4xx_tim.o(.text)
    TIM_UpdateRequestConfig                  0x08006659   Thumb Code    24  stm32f4xx_tim.o(.text)
    TIM_ARRPreloadConfig                     0x08006671   Thumb Code    24  stm32f4xx_tim.o(.text)
    TIM_SelectOnePulseMode                   0x08006689   Thumb Code    18  stm32f4xx_tim.o(.text)
    TIM_SetClockDivision                     0x0800669b   Thumb Code    18  stm32f4xx_tim.o(.text)
    TIM_Cmd                                  0x080066ad   Thumb Code    24  stm32f4xx_tim.o(.text)
    TIM_OC1Init                              0x080066c5   Thumb Code   114  stm32f4xx_tim.o(.text)
    TIM_OC2Init                              0x08006737   Thumb Code   154  stm32f4xx_tim.o(.text)
    TIM_OC3Init                              0x080067d1   Thumb Code   204  stm32f4xx_tim.o(.text)
    TIM_OC4Init                              0x0800689d   Thumb Code   112  stm32f4xx_tim.o(.text)
    TIM_OCStructInit                         0x0800690d   Thumb Code    20  stm32f4xx_tim.o(.text)
    TIM_SelectOCxM                           0x08006921   Thumb Code    86  stm32f4xx_tim.o(.text)
    TIM_SetCompare1                          0x08006977   Thumb Code     4  stm32f4xx_tim.o(.text)
    TIM_SetCompare2                          0x0800697b   Thumb Code     4  stm32f4xx_tim.o(.text)
    TIM_SetCompare3                          0x0800697f   Thumb Code     4  stm32f4xx_tim.o(.text)
    TIM_SetCompare4                          0x08006983   Thumb Code     4  stm32f4xx_tim.o(.text)
    TIM_ForcedOC1Config                      0x08006987   Thumb Code    18  stm32f4xx_tim.o(.text)
    TIM_ForcedOC2Config                      0x08006999   Thumb Code    26  stm32f4xx_tim.o(.text)
    TIM_ForcedOC3Config                      0x080069b3   Thumb Code    18  stm32f4xx_tim.o(.text)
    TIM_ForcedOC4Config                      0x080069c5   Thumb Code    26  stm32f4xx_tim.o(.text)
    TIM_OC1PreloadConfig                     0x080069df   Thumb Code    18  stm32f4xx_tim.o(.text)
    TIM_OC2PreloadConfig                     0x080069f1   Thumb Code    26  stm32f4xx_tim.o(.text)
    TIM_OC3PreloadConfig                     0x08006a0b   Thumb Code    18  stm32f4xx_tim.o(.text)
    TIM_OC4PreloadConfig                     0x08006a1d   Thumb Code    26  stm32f4xx_tim.o(.text)
    TIM_OC1FastConfig                        0x08006a37   Thumb Code    18  stm32f4xx_tim.o(.text)
    TIM_OC2FastConfig                        0x08006a49   Thumb Code    26  stm32f4xx_tim.o(.text)
    TIM_OC3FastConfig                        0x08006a63   Thumb Code    18  stm32f4xx_tim.o(.text)
    TIM_OC4FastConfig                        0x08006a75   Thumb Code    26  stm32f4xx_tim.o(.text)
    TIM_ClearOC1Ref                          0x08006a8f   Thumb Code    18  stm32f4xx_tim.o(.text)
    TIM_ClearOC2Ref                          0x08006aa1   Thumb Code    24  stm32f4xx_tim.o(.text)
    TIM_ClearOC3Ref                          0x08006ab9   Thumb Code    18  stm32f4xx_tim.o(.text)
    TIM_ClearOC4Ref                          0x08006acb   Thumb Code    24  stm32f4xx_tim.o(.text)
    TIM_OC1PolarityConfig                    0x08006ae3   Thumb Code    18  stm32f4xx_tim.o(.text)
    TIM_OC1NPolarityConfig                   0x08006af5   Thumb Code    18  stm32f4xx_tim.o(.text)
    TIM_OC2PolarityConfig                    0x08006b07   Thumb Code    26  stm32f4xx_tim.o(.text)
    TIM_OC2NPolarityConfig                   0x08006b21   Thumb Code    26  stm32f4xx_tim.o(.text)
    TIM_OC3PolarityConfig                    0x08006b3b   Thumb Code    26  stm32f4xx_tim.o(.text)
    TIM_OC3NPolarityConfig                   0x08006b55   Thumb Code    26  stm32f4xx_tim.o(.text)
    TIM_OC4PolarityConfig                    0x08006b6f   Thumb Code    26  stm32f4xx_tim.o(.text)
    TIM_CCxCmd                               0x08006b89   Thumb Code    30  stm32f4xx_tim.o(.text)
    TIM_CCxNCmd                              0x08006ba7   Thumb Code    30  stm32f4xx_tim.o(.text)
    TIM_SetIC4Prescaler                      0x08006bc5   Thumb Code    26  stm32f4xx_tim.o(.text)
    TIM_SetIC3Prescaler                      0x08006c2f   Thumb Code    18  stm32f4xx_tim.o(.text)
    TIM_SetIC2Prescaler                      0x08006c89   Thumb Code    26  stm32f4xx_tim.o(.text)
    TIM_SetIC1Prescaler                      0x08006cfd   Thumb Code    18  stm32f4xx_tim.o(.text)
    TIM_ICInit                               0x08006d49   Thumb Code   110  stm32f4xx_tim.o(.text)
    TIM_ICStructInit                         0x08006db7   Thumb Code    18  stm32f4xx_tim.o(.text)
    TIM_PWMIConfig                           0x08006dc9   Thumb Code   124  stm32f4xx_tim.o(.text)
    TIM_GetCapture1                          0x08006e45   Thumb Code     6  stm32f4xx_tim.o(.text)
    TIM_GetCapture2                          0x08006e4b   Thumb Code     6  stm32f4xx_tim.o(.text)
    TIM_GetCapture3                          0x08006e51   Thumb Code     6  stm32f4xx_tim.o(.text)
    TIM_GetCapture4                          0x08006e57   Thumb Code     6  stm32f4xx_tim.o(.text)
    TIM_BDTRConfig                           0x08006e5d   Thumb Code    32  stm32f4xx_tim.o(.text)
    TIM_BDTRStructInit                       0x08006e7d   Thumb Code    18  stm32f4xx_tim.o(.text)
    TIM_CtrlPWMOutputs                       0x08006e8f   Thumb Code    30  stm32f4xx_tim.o(.text)
    TIM_SelectCOM                            0x08006ead   Thumb Code    24  stm32f4xx_tim.o(.text)
    TIM_CCPreloadControl                     0x08006ec5   Thumb Code    24  stm32f4xx_tim.o(.text)
    TIM_ITConfig                             0x08006edd   Thumb Code    18  stm32f4xx_tim.o(.text)
    TIM_GenerateEvent                        0x08006eef   Thumb Code     4  stm32f4xx_tim.o(.text)
    TIM_GetFlagStatus                        0x08006ef3   Thumb Code    18  stm32f4xx_tim.o(.text)
    TIM_ClearFlag                            0x08006f05   Thumb Code     6  stm32f4xx_tim.o(.text)
    TIM_GetITStatus                          0x08006f0b   Thumb Code    34  stm32f4xx_tim.o(.text)
    TIM_ClearITPendingBit                    0x08006f2d   Thumb Code     6  stm32f4xx_tim.o(.text)
    TIM_DMAConfig                            0x08006f33   Thumb Code    10  stm32f4xx_tim.o(.text)
    TIM_DMACmd                               0x08006f3d   Thumb Code    18  stm32f4xx_tim.o(.text)
    TIM_SelectCCDMA                          0x08006f4f   Thumb Code    24  stm32f4xx_tim.o(.text)
    TIM_InternalClockConfig                  0x08006f67   Thumb Code    12  stm32f4xx_tim.o(.text)
    TIM_SelectInputTrigger                   0x08006f73   Thumb Code    18  stm32f4xx_tim.o(.text)
    TIM_ITRxExternalClockConfig              0x08006f85   Thumb Code    24  stm32f4xx_tim.o(.text)
    TIM_TIxExternalClockConfig               0x08006f9d   Thumb Code    62  stm32f4xx_tim.o(.text)
    TIM_ETRConfig                            0x08006fdb   Thumb Code    28  stm32f4xx_tim.o(.text)
    TIM_ETRClockMode1Config                  0x08006ff7   Thumb Code    54  stm32f4xx_tim.o(.text)
    TIM_ETRClockMode2Config                  0x0800702d   Thumb Code    32  stm32f4xx_tim.o(.text)
    TIM_SelectOutputTrigger                  0x0800704d   Thumb Code    18  stm32f4xx_tim.o(.text)
    TIM_SelectSlaveMode                      0x0800705f   Thumb Code    18  stm32f4xx_tim.o(.text)
    TIM_SelectMasterSlaveMode                0x08007071   Thumb Code    18  stm32f4xx_tim.o(.text)
    TIM_EncoderInterfaceConfig               0x08007083   Thumb Code    66  stm32f4xx_tim.o(.text)
    TIM_SelectHallSensor                     0x080070c5   Thumb Code    24  stm32f4xx_tim.o(.text)
    TIM_RemapConfig                          0x080070dd   Thumb Code     6  stm32f4xx_tim.o(.text)
    USART_DeInit                             0x080070e5   Thumb Code   206  stm32f4xx_usart.o(.text)
    USART_Init                               0x080071b3   Thumb Code   204  stm32f4xx_usart.o(.text)
    USART_StructInit                         0x0800727f   Thumb Code    24  stm32f4xx_usart.o(.text)
    USART_ClockInit                          0x08007297   Thumb Code    32  stm32f4xx_usart.o(.text)
    USART_ClockStructInit                    0x080072b7   Thumb Code    12  stm32f4xx_usart.o(.text)
    USART_Cmd                                0x080072c3   Thumb Code    24  stm32f4xx_usart.o(.text)
    USART_SetPrescaler                       0x080072db   Thumb Code    16  stm32f4xx_usart.o(.text)
    USART_OverSampling8Cmd                   0x080072eb   Thumb Code    22  stm32f4xx_usart.o(.text)
    USART_OneBitMethodCmd                    0x08007301   Thumb Code    24  stm32f4xx_usart.o(.text)
    USART_SendData                           0x08007319   Thumb Code     8  stm32f4xx_usart.o(.text)
    USART_ReceiveData                        0x08007321   Thumb Code    10  stm32f4xx_usart.o(.text)
    USART_SetAddress                         0x0800732b   Thumb Code    18  stm32f4xx_usart.o(.text)
    USART_ReceiverWakeUpCmd                  0x0800733d   Thumb Code    24  stm32f4xx_usart.o(.text)
    USART_WakeUpConfig                       0x08007355   Thumb Code    18  stm32f4xx_usart.o(.text)
    USART_LINBreakDetectLengthConfig         0x08007367   Thumb Code    18  stm32f4xx_usart.o(.text)
    USART_LINCmd                             0x08007379   Thumb Code    24  stm32f4xx_usart.o(.text)
    USART_SendBreak                          0x08007391   Thumb Code    10  stm32f4xx_usart.o(.text)
    USART_HalfDuplexCmd                      0x0800739b   Thumb Code    24  stm32f4xx_usart.o(.text)
    USART_SetGuardTime                       0x080073b3   Thumb Code    16  stm32f4xx_usart.o(.text)
    USART_SmartCardCmd                       0x080073c3   Thumb Code    24  stm32f4xx_usart.o(.text)
    USART_SmartCardNACKCmd                   0x080073db   Thumb Code    24  stm32f4xx_usart.o(.text)
    USART_IrDAConfig                         0x080073f3   Thumb Code    18  stm32f4xx_usart.o(.text)
    USART_IrDACmd                            0x08007405   Thumb Code    24  stm32f4xx_usart.o(.text)
    USART_DMACmd                             0x0800741d   Thumb Code    18  stm32f4xx_usart.o(.text)
    USART_ITConfig                           0x0800742f   Thumb Code    74  stm32f4xx_usart.o(.text)
    USART_GetFlagStatus                      0x08007479   Thumb Code    26  stm32f4xx_usart.o(.text)
    USART_ClearFlag                          0x08007493   Thumb Code    18  stm32f4xx_usart.o(.text)
    USART_GetITStatus                        0x080074a5   Thumb Code   118  stm32f4xx_usart.o(.text)
    USART_ClearITPendingBit                  0x0800751b   Thumb Code    30  stm32f4xx_usart.o(.text)
    EXTI_DeInit                              0x08007539   Thumb Code    28  stm32f4xx_exti.o(.text)
    EXTI_Init                                0x08007555   Thumb Code   142  stm32f4xx_exti.o(.text)
    EXTI_StructInit                          0x080075e3   Thumb Code    16  stm32f4xx_exti.o(.text)
    EXTI_GenerateSWInterrupt                 0x080075f3   Thumb Code    16  stm32f4xx_exti.o(.text)
    EXTI_GetFlagStatus                       0x08007603   Thumb Code    22  stm32f4xx_exti.o(.text)
    EXTI_ClearFlag                           0x08007619   Thumb Code     8  stm32f4xx_exti.o(.text)
    EXTI_GetITStatus                         0x08007621   Thumb Code    22  stm32f4xx_exti.o(.text)
    EXTI_ClearITPendingBit                   0x08007637   Thumb Code     8  stm32f4xx_exti.o(.text)
    DMA_DeInit                               0x08007649   Thumb Code   324  stm32f4xx_dma.o(.text)
    DMA_Init                                 0x0800778d   Thumb Code    82  stm32f4xx_dma.o(.text)
    DMA_StructInit                           0x080077df   Thumb Code    34  stm32f4xx_dma.o(.text)
    DMA_Cmd                                  0x08007801   Thumb Code    22  stm32f4xx_dma.o(.text)
    DMA_PeriphIncOffsetSizeConfig            0x08007817   Thumb Code    22  stm32f4xx_dma.o(.text)
    DMA_FlowControllerConfig                 0x0800782d   Thumb Code    22  stm32f4xx_dma.o(.text)
    DMA_SetCurrDataCounter                   0x08007843   Thumb Code     4  stm32f4xx_dma.o(.text)
    DMA_GetCurrDataCounter                   0x08007847   Thumb Code     8  stm32f4xx_dma.o(.text)
    DMA_DoubleBufferModeConfig               0x0800784f   Thumb Code    24  stm32f4xx_dma.o(.text)
    DMA_DoubleBufferModeCmd                  0x08007867   Thumb Code    22  stm32f4xx_dma.o(.text)
    DMA_MemoryTargetConfig                   0x0800787d   Thumb Code    10  stm32f4xx_dma.o(.text)
    DMA_GetCurrentMemoryTarget               0x08007887   Thumb Code    20  stm32f4xx_dma.o(.text)
    DMA_GetCmdStatus                         0x0800789b   Thumb Code    20  stm32f4xx_dma.o(.text)
    DMA_GetFIFOStatus                        0x080078af   Thumb Code    12  stm32f4xx_dma.o(.text)
    DMA_GetFlagStatus                        0x080078bb   Thumb Code    56  stm32f4xx_dma.o(.text)
    DMA_ClearFlag                            0x080078f3   Thumb Code    40  stm32f4xx_dma.o(.text)
    DMA_ITConfig                             0x0800791b   Thumb Code    58  stm32f4xx_dma.o(.text)
    DMA_GetITStatus                          0x08007955   Thumb Code    84  stm32f4xx_dma.o(.text)
    DMA_ClearITPendingBit                    0x080079a9   Thumb Code    40  stm32f4xx_dma.o(.text)
    SDIO_DeInit                              0x080079f1   Thumb Code    22  stm32f4xx_sdio.o(.text)
    SDIO_Init                                0x08007a07   Thumb Code    42  stm32f4xx_sdio.o(.text)
    SDIO_StructInit                          0x08007a31   Thumb Code    16  stm32f4xx_sdio.o(.text)
    SDIO_ClockCmd                            0x08007a41   Thumb Code     6  stm32f4xx_sdio.o(.text)
    SDIO_SetPowerState                       0x08007a47   Thumb Code     8  stm32f4xx_sdio.o(.text)
    SDIO_GetPowerState                       0x08007a4f   Thumb Code    12  stm32f4xx_sdio.o(.text)
    SDIO_SendCommand                         0x08007a5b   Thumb Code    42  stm32f4xx_sdio.o(.text)
    SDIO_CmdStructInit                       0x08007a85   Thumb Code    14  stm32f4xx_sdio.o(.text)
    SDIO_GetCommandResponse                  0x08007a93   Thumb Code    10  stm32f4xx_sdio.o(.text)
    SDIO_GetResponse                         0x08007a9d   Thumb Code    22  stm32f4xx_sdio.o(.text)
    SDIO_DataConfig                          0x08007ab3   Thumb Code    48  stm32f4xx_sdio.o(.text)
    SDIO_DataStructInit                      0x08007ae3   Thumb Code    20  stm32f4xx_sdio.o(.text)
    SDIO_GetDataCounter                      0x08007af7   Thumb Code     8  stm32f4xx_sdio.o(.text)
    SDIO_ReadData                            0x08007aff   Thumb Code     8  stm32f4xx_sdio.o(.text)
    SDIO_WriteData                           0x08007b07   Thumb Code     8  stm32f4xx_sdio.o(.text)
    SDIO_GetFIFOCount                        0x08007b0f   Thumb Code     8  stm32f4xx_sdio.o(.text)
    SDIO_StartSDIOReadWait                   0x08007b17   Thumb Code     6  stm32f4xx_sdio.o(.text)
    SDIO_StopSDIOReadWait                    0x08007b1d   Thumb Code     8  stm32f4xx_sdio.o(.text)
    SDIO_SetSDIOReadWaitMode                 0x08007b25   Thumb Code     8  stm32f4xx_sdio.o(.text)
    SDIO_SetSDIOOperation                    0x08007b2d   Thumb Code     8  stm32f4xx_sdio.o(.text)
    SDIO_SendSDIOSuspendCmd                  0x08007b35   Thumb Code     6  stm32f4xx_sdio.o(.text)
    SDIO_CommandCompletionCmd                0x08007b3b   Thumb Code     8  stm32f4xx_sdio.o(.text)
    SDIO_CEATAITCmd                          0x08007b43   Thumb Code    12  stm32f4xx_sdio.o(.text)
    SDIO_SendCEATACmd                        0x08007b4f   Thumb Code     8  stm32f4xx_sdio.o(.text)
    SDIO_DMACmd                              0x08007b57   Thumb Code     8  stm32f4xx_sdio.o(.text)
    SDIO_ITConfig                            0x08007b5f   Thumb Code    34  stm32f4xx_sdio.o(.text)
    SDIO_GetFlagStatus                       0x08007b81   Thumb Code    22  stm32f4xx_sdio.o(.text)
    SDIO_ClearFlag                           0x08007b97   Thumb Code     8  stm32f4xx_sdio.o(.text)
    SDIO_GetITStatus                         0x08007b9f   Thumb Code    22  stm32f4xx_sdio.o(.text)
    SDIO_ClearITPendingBit                   0x08007bb5   Thumb Code     8  stm32f4xx_sdio.o(.text)
    RTC_WaitForSynchro                       0x08007bcd   Thumb Code    92  stm32f4xx_rtc.o(.text)
    RTC_EnterInitMode                        0x08007c29   Thumb Code    84  stm32f4xx_rtc.o(.text)
    RTC_DeInit                               0x08007c7d   Thumb Code   204  stm32f4xx_rtc.o(.text)
    RTC_ExitInitMode                         0x08007d49   Thumb Code    18  stm32f4xx_rtc.o(.text)
    RTC_Init                                 0x08007d5b   Thumb Code    94  stm32f4xx_rtc.o(.text)
    RTC_StructInit                           0x08007db9   Thumb Code    14  stm32f4xx_rtc.o(.text)
    RTC_WriteProtectionCmd                   0x08007dc7   Thumb Code    22  stm32f4xx_rtc.o(.text)
    RTC_RefClockCmd                          0x08007ddd   Thumb Code    76  stm32f4xx_rtc.o(.text)
    RTC_BypassShadowCmd                      0x08007e29   Thumb Code    54  stm32f4xx_rtc.o(.text)
    RTC_SetTime                              0x08007e91   Thumb Code   200  stm32f4xx_rtc.o(.text)
    RTC_TimeStructInit                       0x08007f59   Thumb Code    12  stm32f4xx_rtc.o(.text)
    RTC_GetTime                              0x08007f65   Thumb Code    74  stm32f4xx_rtc.o(.text)
    RTC_GetSubSecond                         0x08007faf   Thumb Code    30  stm32f4xx_rtc.o(.text)
    RTC_SetDate                              0x08007fcd   Thumb Code   190  stm32f4xx_rtc.o(.text)
    RTC_DateStructInit                       0x0800808b   Thumb Code    14  stm32f4xx_rtc.o(.text)
    RTC_GetDate                              0x08008099   Thumb Code    70  stm32f4xx_rtc.o(.text)
    RTC_SetAlarm                             0x080080df   Thumb Code   230  stm32f4xx_rtc.o(.text)
    RTC_AlarmStructInit                      0x080081c5   Thumb Code    22  stm32f4xx_rtc.o(.text)
    RTC_GetAlarm                             0x080081db   Thumb Code   114  stm32f4xx_rtc.o(.text)
    RTC_AlarmCmd                             0x0800824d   Thumb Code   112  stm32f4xx_rtc.o(.text)
    RTC_AlarmSubSecondConfig                 0x080082bd   Thumb Code    46  stm32f4xx_rtc.o(.text)
    RTC_GetAlarmSubSecond                    0x080082eb   Thumb Code    34  stm32f4xx_rtc.o(.text)
    RTC_WakeUpClockConfig                    0x0800830d   Thumb Code    42  stm32f4xx_rtc.o(.text)
    RTC_SetWakeUpCounter                     0x08008337   Thumb Code    22  stm32f4xx_rtc.o(.text)
    RTC_GetWakeUpCounter                     0x0800834d   Thumb Code    10  stm32f4xx_rtc.o(.text)
    RTC_WakeUpCmd                            0x08008357   Thumb Code   116  stm32f4xx_rtc.o(.text)
    RTC_DayLightSavingConfig                 0x080083cb   Thumb Code    50  stm32f4xx_rtc.o(.text)
    RTC_GetStoreOperation                    0x080083fd   Thumb Code    12  stm32f4xx_rtc.o(.text)
    RTC_OutputConfig                         0x08008409   Thumb Code    60  stm32f4xx_rtc.o(.text)
    RTC_CoarseCalibConfig                    0x08008445   Thumb Code    52  stm32f4xx_rtc.o(.text)
    RTC_CoarseCalibCmd                       0x08008479   Thumb Code    76  stm32f4xx_rtc.o(.text)
    RTC_CalibOutputCmd                       0x080084c5   Thumb Code    54  stm32f4xx_rtc.o(.text)
    RTC_CalibOutputConfig                    0x080084fb   Thumb Code    42  stm32f4xx_rtc.o(.text)
    RTC_SmoothCalibConfig                    0x08008525   Thumb Code    90  stm32f4xx_rtc.o(.text)
    RTC_TimeStampCmd                         0x0800857f   Thumb Code    54  stm32f4xx_rtc.o(.text)
    RTC_GetTimeStamp                         0x080085b5   Thumb Code   144  stm32f4xx_rtc.o(.text)
    RTC_GetTimeStampSubSecond                0x08008645   Thumb Code     8  stm32f4xx_rtc.o(.text)
    RTC_TamperTriggerConfig                  0x0800864d   Thumb Code    38  stm32f4xx_rtc.o(.text)
    RTC_TamperCmd                            0x08008673   Thumb Code    34  stm32f4xx_rtc.o(.text)
    RTC_TamperFilterConfig                   0x08008695   Thumb Code    26  stm32f4xx_rtc.o(.text)
    RTC_TamperSamplingFreqConfig             0x080086af   Thumb Code    26  stm32f4xx_rtc.o(.text)
    RTC_TamperPinsPrechargeDuration          0x080086c9   Thumb Code    26  stm32f4xx_rtc.o(.text)
    RTC_TimeStampOnTamperDetectionCmd        0x080086e3   Thumb Code    38  stm32f4xx_rtc.o(.text)
    RTC_TamperPullUpCmd                      0x08008709   Thumb Code    38  stm32f4xx_rtc.o(.text)
    RTC_WriteBackupRegister                  0x0800872f   Thumb Code    26  stm32f4xx_rtc.o(.text)
    RTC_ReadBackupRegister                   0x08008749   Thumb Code    28  stm32f4xx_rtc.o(.text)
    RTC_TamperPinSelection                   0x08008765   Thumb Code    26  stm32f4xx_rtc.o(.text)
    RTC_TimeStampPinSelection                0x0800877f   Thumb Code    26  stm32f4xx_rtc.o(.text)
    RTC_OutputTypeConfig                     0x08008799   Thumb Code    26  stm32f4xx_rtc.o(.text)
    RTC_SynchroShiftConfig                   0x080087b3   Thumb Code   130  stm32f4xx_rtc.o(.text)
    RTC_ITConfig                             0x08008835   Thumb Code    94  stm32f4xx_rtc.o(.text)
    RTC_GetFlagStatus                        0x08008893   Thumb Code    34  stm32f4xx_rtc.o(.text)
    RTC_ClearFlag                            0x080088b5   Thumb Code    28  stm32f4xx_rtc.o(.text)
    RTC_GetITStatus                          0x080088d1   Thumb Code    60  stm32f4xx_rtc.o(.text)
    RTC_ClearITPendingBit                    0x0800890d   Thumb Code    32  stm32f4xx_rtc.o(.text)
    PWR_DeInit                               0x08008935   Thumb Code    22  stm32f4xx_pwr.o(.text)
    PWR_BackupAccessCmd                      0x0800894b   Thumb Code     6  stm32f4xx_pwr.o(.text)
    PWR_PVDLevelConfig                       0x08008951   Thumb Code    18  stm32f4xx_pwr.o(.text)
    PWR_PVDCmd                               0x08008963   Thumb Code     6  stm32f4xx_pwr.o(.text)
    PWR_WakeUpPinCmd                         0x08008969   Thumb Code     8  stm32f4xx_pwr.o(.text)
    PWR_BackupRegulatorCmd                   0x08008971   Thumb Code     8  stm32f4xx_pwr.o(.text)
    PWR_MainRegulatorModeConfig              0x08008979   Thumb Code    18  stm32f4xx_pwr.o(.text)
    PWR_OverDriveCmd                         0x0800898b   Thumb Code     6  stm32f4xx_pwr.o(.text)
    PWR_OverDriveSWCmd                       0x08008991   Thumb Code     6  stm32f4xx_pwr.o(.text)
    PWR_UnderDriveCmd                        0x08008997   Thumb Code    30  stm32f4xx_pwr.o(.text)
    PWR_MainRegulatorLowVoltageCmd           0x080089b5   Thumb Code    18  stm32f4xx_pwr.o(.text)
    PWR_LowRegulatorLowVoltageCmd            0x080089c7   Thumb Code    18  stm32f4xx_pwr.o(.text)
    PWR_FlashPowerDownCmd                    0x080089d9   Thumb Code     6  stm32f4xx_pwr.o(.text)
    PWR_EnterSTOPMode                        0x080089df   Thumb Code    58  stm32f4xx_pwr.o(.text)
    PWR_EnterUnderDriveSTOPMode              0x08008a19   Thumb Code    58  stm32f4xx_pwr.o(.text)
    PWR_EnterSTANDBYMode                     0x08008a53   Thumb Code    32  stm32f4xx_pwr.o(.text)
    PWR_GetFlagStatus                        0x08008a73   Thumb Code    20  stm32f4xx_pwr.o(.text)
    PWR_ClearFlag                            0x08008a87   Thumb Code    14  stm32f4xx_pwr.o(.text)
    SPI_I2S_DeInit                           0x08008aa1   Thumb Code   152  stm32f4xx_spi.o(.text)
    SPI_Init                                 0x08008b39   Thumb Code    60  stm32f4xx_spi.o(.text)
    I2S_Init                                 0x08008b75   Thumb Code   396  stm32f4xx_spi.o(.text)
    SPI_StructInit                           0x08008d01   Thumb Code    24  stm32f4xx_spi.o(.text)
    I2S_StructInit                           0x08008d19   Thumb Code    20  stm32f4xx_spi.o(.text)
    SPI_Cmd                                  0x08008d2d   Thumb Code    24  stm32f4xx_spi.o(.text)
    I2S_Cmd                                  0x08008d45   Thumb Code    24  stm32f4xx_spi.o(.text)
    SPI_DataSizeConfig                       0x08008d5d   Thumb Code    18  stm32f4xx_spi.o(.text)
    SPI_BiDirectionalLineConfig              0x08008d6f   Thumb Code    28  stm32f4xx_spi.o(.text)
    SPI_NSSInternalSoftwareConfig            0x08008d8b   Thumb Code    30  stm32f4xx_spi.o(.text)
    SPI_SSOutputCmd                          0x08008da9   Thumb Code    24  stm32f4xx_spi.o(.text)
    SPI_TIModeCmd                            0x08008dc1   Thumb Code    24  stm32f4xx_spi.o(.text)
    I2S_FullDuplexConfig                     0x08008dd9   Thumb Code    80  stm32f4xx_spi.o(.text)
    SPI_I2S_ReceiveData                      0x08008e29   Thumb Code     6  stm32f4xx_spi.o(.text)
    SPI_I2S_SendData                         0x08008e2f   Thumb Code     4  stm32f4xx_spi.o(.text)
    SPI_CalculateCRC                         0x08008e33   Thumb Code    24  stm32f4xx_spi.o(.text)
    SPI_TransmitCRC                          0x08008e4b   Thumb Code    10  stm32f4xx_spi.o(.text)
    SPI_GetCRC                               0x08008e55   Thumb Code    16  stm32f4xx_spi.o(.text)
    SPI_GetCRCPolynomial                     0x08008e65   Thumb Code     6  stm32f4xx_spi.o(.text)
    SPI_I2S_DMACmd                           0x08008e6b   Thumb Code    18  stm32f4xx_spi.o(.text)
    SPI_I2S_ITConfig                         0x08008e7d   Thumb Code    68  stm32f4xx_spi.o(.text)
    SPI_I2S_GetFlagStatus                    0x08008ec1   Thumb Code    18  stm32f4xx_spi.o(.text)
    SPI_I2S_ClearFlag                        0x08008ed3   Thumb Code     6  stm32f4xx_spi.o(.text)
    SPI_I2S_GetITStatus                      0x08008ed9   Thumb Code    52  stm32f4xx_spi.o(.text)
    SPI_I2S_ClearITPendingBit                0x08008f0d   Thumb Code    20  stm32f4xx_spi.o(.text)
    delay_init                               0x08008f21   Thumb Code    58  delay.o(.text)
    delay_us                                 0x08008f5b   Thumb Code    68  delay.o(.text)
    delay_ms                                 0x08008f9f   Thumb Code    60  delay.o(.text)
    delay_xms                                0x08008fdb   Thumb Code    24  delay.o(.text)
    _sys_exit                                0x08008ffd   Thumb Code     4  sys.o(.text)
    fputc                                    0x08009001   Thumb Code    22  sys.o(.text)
    vListInitialise                          0x0800901d   Thumb Code    26  list.o(.text)
    vListInitialiseItem                      0x08009037   Thumb Code     6  list.o(.text)
    vListInsertEnd                           0x0800903d   Thumb Code    24  list.o(.text)
    vListInsert                              0x08009055   Thumb Code    52  list.o(.text)
    uxListRemove                             0x08009089   Thumb Code    40  list.o(.text)
    xQueueGenericReset                       0x080090b1   Thumb Code   122  queue.o(.text)
    xQueueGenericCreate                      0x08009159   Thumb Code    56  queue.o(.text)
    xQueueGenericSend                        0x0800930f   Thumb Code   308  queue.o(.text)
    xQueueCreateMutex                        0x0800945f   Thumb Code    34  queue.o(.text)
    xQueueGiveMutexRecursive                 0x08009481   Thumb Code    48  queue.o(.text)
    xQueueGenericReceive                     0x080094f9   Thumb Code   342  queue.o(.text)
    xQueueTakeMutexRecursive                 0x0800964f   Thumb Code    58  queue.o(.text)
    xQueueCreateCountingSemaphore            0x08009689   Thumb Code    26  queue.o(.text)
    xQueueGenericSendFromISR                 0x080096a3   Thumb Code   156  queue.o(.text)
    xQueueGiveFromISR                        0x0800973f   Thumb Code   142  queue.o(.text)
    xQueueReceiveFromISR                     0x080097cd   Thumb Code   130  queue.o(.text)
    xQueuePeekFromISR                        0x0800984f   Thumb Code    74  queue.o(.text)
    uxQueueMessagesWaiting                   0x08009899   Thumb Code    18  queue.o(.text)
    uxQueueSpacesAvailable                   0x080098ab   Thumb Code    24  queue.o(.text)
    uxQueueMessagesWaitingFromISR            0x080098c3   Thumb Code     6  queue.o(.text)
    vQueueUnregisterQueue                    0x080098c9   Thumb Code    44  queue.o(.text)
    vQueueDelete                             0x080098f5   Thumb Code    20  queue.o(.text)
    uxQueueGetQueueNumber                    0x08009909   Thumb Code     6  queue.o(.text)
    vQueueSetQueueNumber                     0x0800990f   Thumb Code     4  queue.o(.text)
    ucQueueGetQueueType                      0x08009913   Thumb Code     8  queue.o(.text)
    xQueueIsQueueEmptyFromISR                0x0800991b   Thumb Code    14  queue.o(.text)
    xQueueIsQueueFullFromISR                 0x08009929   Thumb Code    28  queue.o(.text)
    vQueueAddToRegistry                      0x08009945   Thumb Code    38  queue.o(.text)
    pcQueueGetName                           0x0800996b   Thumb Code    38  queue.o(.text)
    vQueueWaitForMessageRestricted           0x08009991   Thumb Code    74  queue.o(.text)
    xQueueCreateSet                          0x080099db   Thumb Code    20  queue.o(.text)
    xQueueAddToSet                           0x080099ef   Thumb Code    38  queue.o(.text)
    xQueueRemoveFromSet                      0x08009a15   Thumb Code    48  queue.o(.text)
    xQueueSelectFromSet                      0x08009a45   Thumb Code    26  queue.o(.text)
    xQueueSelectFromSetFromISR               0x08009a5f   Thumb Code    22  queue.o(.text)
    xTaskCreate                              0x08009bed   Thumb Code    96  tasks.o(.text)
    vTaskDelete                              0x08009c89   Thumb Code   166  tasks.o(.text)
    xTaskIncrementTick                       0x08009d2f   Thumb Code   238  tasks.o(.text)
    xTaskResumeAll                           0x08009e1d   Thumb Code   282  tasks.o(.text)
    vTaskSuspendAll                          0x08009fb3   Thumb Code    12  tasks.o(.text)
    vTaskDelayUntil                          0x08009fbf   Thumb Code   106  tasks.o(.text)
    vTaskDelay                               0x0800a029   Thumb Code    46  tasks.o(.text)
    eTaskGetState                            0x0800a057   Thumb Code    88  tasks.o(.text)
    uxTaskPriorityGet                        0x0800a0af   Thumb Code    30  tasks.o(.text)
    uxTaskPriorityGetFromISR                 0x0800a0cd   Thumb Code    52  tasks.o(.text)
    vTaskPrioritySet                         0x0800a101   Thumb Code   226  tasks.o(.text)
    vTaskSwitchContext                       0x0800a1e3   Thumb Code    76  tasks.o(.text)
    vTaskSuspend                             0x0800a22f   Thumb Code   220  tasks.o(.text)
    vTaskResume                              0x0800a343   Thumb Code   104  tasks.o(.text)
    xTaskResumeFromISR                       0x0800a3ab   Thumb Code   130  tasks.o(.text)
    vTaskStartScheduler                      0x0800a48f   Thumb Code    82  tasks.o(.text)
    vTaskEndScheduler                        0x0800a4e1   Thumb Code    32  tasks.o(.text)
    xTaskGetTickCount                        0x0800a501   Thumb Code     6  tasks.o(.text)
    xTaskGetTickCountFromISR                 0x0800a507   Thumb Code     8  tasks.o(.text)
    uxTaskGetNumberOfTasks                   0x0800a50f   Thumb Code     6  tasks.o(.text)
    pcTaskGetName                            0x0800a515   Thumb Code    20  tasks.o(.text)
    vTaskGetInfo                             0x0800a53f   Thumb Code   114  tasks.o(.text)
    uxTaskGetSystemState                     0x0800a61b   Thumb Code   152  tasks.o(.text)
    vTaskSetApplicationTaskTag               0x0800a6b3   Thumb Code   106  tasks.o(.text)
    xTaskGetApplicationTaskTag               0x0800a71d   Thumb Code    28  tasks.o(.text)
    xTaskCallApplicationTaskHook             0x0800a739   Thumb Code    40  tasks.o(.text)
    vTaskPlaceOnEventList                    0x0800a761   Thumb Code    28  tasks.o(.text)
    vTaskPlaceOnUnorderedEventList           0x0800a77d   Thumb Code    40  tasks.o(.text)
    vTaskPlaceOnEventListRestricted          0x0800a7a5   Thumb Code    36  tasks.o(.text)
    xTaskRemoveFromEventList                 0x0800a7c9   Thumb Code   104  tasks.o(.text)
    xTaskRemoveFromUnorderedEventList        0x0800a831   Thumb Code    94  tasks.o(.text)
    vTaskSetTimeOutState                     0x0800a88f   Thumb Code    14  tasks.o(.text)
    xTaskCheckForTimeOut                     0x0800a89d   Thumb Code    84  tasks.o(.text)
    vTaskMissedYield                         0x0800a8f1   Thumb Code     8  tasks.o(.text)
    uxTaskGetTaskNumber                      0x0800a8f9   Thumb Code    14  tasks.o(.text)
    vTaskSetTaskNumber                       0x0800a907   Thumb Code     8  tasks.o(.text)
    uxTaskGetStackHighWaterMark              0x0800a90f   Thumb Code    34  tasks.o(.text)
    xTaskGetCurrentTaskHandle                0x0800a931   Thumb Code     6  tasks.o(.text)
    xTaskGetSchedulerState                   0x0800a937   Thumb Code    24  tasks.o(.text)
    vTaskPriorityInherit                     0x0800a94f   Thumb Code   164  tasks.o(.text)
    xTaskPriorityDisinherit                  0x0800a9f3   Thumb Code   122  tasks.o(.text)
    vTaskList                                0x0800aa97   Thumb Code   248  tasks.o(.text)
    uxTaskResetEventItemValue                0x0800ab8f   Thumb Code    24  tasks.o(.text)
    pvTaskIncrementMutexHeldCount            0x0800aba7   Thumb Code    26  tasks.o(.text)
    ulTaskNotifyTake                         0x0800abc1   Thumb Code   108  tasks.o(.text)
    xTaskNotifyWait                          0x0800ac2d   Thumb Code   150  tasks.o(.text)
    xTaskGenericNotify                       0x0800acc3   Thumb Code   178  tasks.o(.text)
    xTaskGenericNotifyFromISR                0x0800ad75   Thumb Code   228  tasks.o(.text)
    vTaskNotifyGiveFromISR                   0x0800ae59   Thumb Code   154  tasks.o(.text)
    xTaskNotifyStateClear                    0x0800aef3   Thumb Code    48  tasks.o(.text)
    xTimerGenericCommand                     0x0800afa1   Thumb Code   102  timers.o(.text)
    xTimerCreateTimerTask                    0x0800b293   Thumb Code    40  timers.o(.text)
    xTimerCreate                             0x0800b2e9   Thumb Code    48  timers.o(.text)
    xTimerGetTimerDaemonTaskHandle           0x0800b319   Thumb Code     6  timers.o(.text)
    xTimerGetPeriod                          0x0800b31f   Thumb Code     8  timers.o(.text)
    xTimerGetExpiryTime                      0x0800b327   Thumb Code     8  timers.o(.text)
    pcTimerGetName                           0x0800b32f   Thumb Code     8  timers.o(.text)
    xTimerIsTimerActive                      0x0800b337   Thumb Code    86  timers.o(.text)
    pvTimerGetTimerID                        0x0800b38d   Thumb Code    20  timers.o(.text)
    vTimerSetTimerID                         0x0800b3a1   Thumb Code    20  timers.o(.text)
    pvPortMalloc                             0x0800b477   Thumb Code   198  heap_4.o(.text)
    vPortFree                                0x0800b53d   Thumb Code    64  heap_4.o(.text)
    xPortGetFreeHeapSize                     0x0800b57d   Thumb Code     6  heap_4.o(.text)
    xPortGetMinimumEverFreeHeapSize          0x0800b583   Thumb Code     6  heap_4.o(.text)
    vPortInitialiseBlocks                    0x0800b589   Thumb Code     2  heap_4.o(.text)
    pxPortInitialiseStack                    0x0800b5bb   Thumb Code    38  port.o(.text)
    vPortSetupTimerInterrupt                 0x0800b5e1   Thumb Code    26  port.o(.text)
    xPortStartScheduler                      0x0800b5fb   Thumb Code    58  port.o(.text)
    vPortEndScheduler                        0x0800b635   Thumb Code     2  port.o(.text)
    vPortEnterCritical                       0x0800b637   Thumb Code    30  port.o(.text)
    vPortExitCritical                        0x0800b655   Thumb Code    28  port.o(.text)
    xPortSysTickHandler                      0x0800b671   Thumb Code    48  port.o(.text)
    configParamGiveSemaphore                 0x0800b6b5   Thumb Code    18  config_param.o(.text)
    timerCallback                            0x0800b6c7   Thumb Code    10  config_param.o(.text)
    timerStart                               0x0800b6d1   Thumb Code    28  config_param.o(.text)
    readParam                                0x0800b6ed   Thumb Code   228  config_param.o(.text)
    configParamInit                          0x0800b7d1   Thumb Code    86  config_param.o(.text)
    configParamTask                          0x0800b827   Thumb Code    90  config_param.o(.text)
    PID_Show                                 0x0800b881   Thumb Code   308  config_param.o(.text)
    RemoteFactor_Show                        0x0800b9b5   Thumb Code   112  config_param.o(.text)
    AutoSpeed_Show                           0x0800ba25   Thumb Code   112  config_param.o(.text)
    GPSBiasRange_Show                        0x0800ba95   Thumb Code   178  config_param.o(.text)
    exfuns_init                              0x0800bb51   Thumb Code   100  exfuns.o(.text)
    char_upper                               0x0800bbb5   Thumb Code    26  exfuns.o(.text)
    f_typetell                               0x0800bbcf   Thumb Code   188  exfuns.o(.text)
    exf_getfree                              0x0800bc8b   Thumb Code    74  exfuns.o(.text)
    disk_initialize                          0x0800bce9   Thumb Code    52  diskio.o(.text)
    disk_status                              0x0800bd1d   Thumb Code     6  diskio.o(.text)
    disk_read                                0x0800bd23   Thumb Code    98  diskio.o(.text)
    disk_write                               0x0800bd85   Thumb Code    98  diskio.o(.text)
    disk_ioctl                               0x0800bde7   Thumb Code   170  diskio.o(.text)
    get_fattime                              0x0800be91   Thumb Code     4  diskio.o(.text)
    ff_memalloc                              0x0800be95   Thumb Code    12  diskio.o(.text)
    ff_memfree                               0x0800bea1   Thumb Code    12  diskio.o(.text)
    clust2sect                               0x0800c063   Thumb Code    26  ff.o(.text)
    get_fat                                  0x0800c07d   Thumb Code   232  ff.o(.text)
    put_fat                                  0x0800c165   Thumb Code   310  ff.o(.text)
    f_mount                                  0x0800d477   Thumb Code    86  ff.o(.text)
    f_open                                   0x0800d4cd   Thumb Code   384  ff.o(.text)
    f_read                                   0x0800d64d   Thumb Code   450  ff.o(.text)
    f_write                                  0x0800d80f   Thumb Code   498  ff.o(.text)
    f_sync                                   0x0800da01   Thumb Code   176  ff.o(.text)
    f_close                                  0x0800dab1   Thumb Code    32  ff.o(.text)
    f_lseek                                  0x0800dad1   Thumb Code   654  ff.o(.text)
    f_opendir                                0x0800dd5f   Thumb Code   136  ff.o(.text)
    f_closedir                               0x0800dde7   Thumb Code    22  ff.o(.text)
    f_readdir                                0x0800ddfd   Thumb Code   114  ff.o(.text)
    f_stat                                   0x0800de6f   Thumb Code    84  ff.o(.text)
    f_getfree                                0x0800dec3   Thumb Code   258  ff.o(.text)
    f_truncate                               0x0800dfc5   Thumb Code   184  ff.o(.text)
    f_unlink                                 0x0800e07d   Thumb Code   194  ff.o(.text)
    f_mkdir                                  0x0800e13f   Thumb Code   380  ff.o(.text)
    f_chmod                                  0x0800e2bb   Thumb Code   112  ff.o(.text)
    f_utime                                  0x0800e32b   Thumb Code   110  ff.o(.text)
    f_rename                                 0x0800e399   Thumb Code   314  ff.o(.text)
    f_getlabel                               0x0800e4d3   Thumb Code   190  ff.o(.text)
    f_setlabel                               0x0800e591   Thumb Code   470  ff.o(.text)
    f_mkfs                                   0x0800e767   Thumb Code  1570  ff.o(.text)
    f_gets                                   0x0800ed89   Thumb Code    82  ff.o(.text)
    f_putc                                   0x0800ee1f   Thumb Code    64  ff.o(.text)
    f_puts                                   0x0800ee5f   Thumb Code    74  ff.o(.text)
    f_printf                                 0x0800eea9   Thumb Code   674  ff.o(.text)
    ff_convert                               0x0800f14d   Thumb Code   146  cc936.o(.text)
    ff_wtoupper                              0x0800f1df   Thumb Code    46  cc936.o(.text)
    RemoteSpeedFatorProcess                  0x0800f219   Thumb Code   102  remote.o(.text)
    AutoSpeedProcess                         0x0800f27f   Thumb Code    82  remote.o(.text)
    sendRmotorCmd                            0x0800f2d1   Thumb Code    36  remote.o(.text)
    SwitchBluetooth                          0x0800f2f5   Thumb Code    50  remote.o(.text)
    SwitchAlarm                              0x0800f327   Thumb Code    50  remote.o(.text)
    SwitchTailLight                          0x0800f359   Thumb Code    50  remote.o(.text)
    SwitchBrakeLight                         0x0800f38b   Thumb Code    50  remote.o(.text)
    SwitchTurnLeftLight                      0x0800f3bd   Thumb Code    50  remote.o(.text)
    SwitchTurnRightLight                     0x0800f3ef   Thumb Code    50  remote.o(.text)
    RemoteSetDevice                          0x0800f421   Thumb Code    90  remote.o(.text)
    RemoteControl                            0x0800f47b   Thumb Code   102  remote.o(.text)
    SetSpeedDev                              0x0800f4e1   Thumb Code    70  remote.o(.text)
    IsRemoteBeingAction                      0x0800f527   Thumb Code    48  remote.o(.text)
    SetInputMode                             0x0800f557   Thumb Code    56  remote.o(.text)
    GetInputMode                             0x0800f58f   Thumb Code     6  remote.o(.text)
    RemoteDataPrcess                         0x0800f595   Thumb Code   216  remote.o(.text)
    OperatingMode                            0x0800f66d   Thumb Code   108  remote.o(.text)
    RemoteTaskInit                           0x0800f6d9   Thumb Code    10  remote.o(.text)
    PIDCaliProcess                           0x0800f711   Thumb Code   470  stabilizer.o(.text)
    GetWorkState                             0x0800f8ed   Thumb Code     6  stabilizer.o(.text)
    WorkStateFSM                             0x0800f8f3   Thumb Code   108  stabilizer.o(.text)
    stabilizerInit                           0x0800f95f   Thumb Code     2  stabilizer.o(.text)
    AutoControl                              0x0800f961   Thumb Code    70  stabilizer.o(.text)
    CMControlLoop                            0x0800f9a7   Thumb Code    36  stabilizer.o(.text)
    Speed_Show                               0x0800f9cb   Thumb Code    76  stabilizer.o(.text)
    stabilizerTask                           0x0800fa17   Thumb Code    42  stabilizer.o(.text)
    ControtLoopTaskInit                      0x0800fa41   Thumb Code   100  stabilizer.o(.text)
    path_name                                0x0800fae5   Thumb Code    40  io.o(.text)
    AppParamSave                             0x0800fb0d   Thumb Code     2  io.o(.text)
    Is_AppParam_Calied                       0x0800fb0f   Thumb Code     6  io.o(.text)
    SetCaliCmdFlag                           0x0800fb15   Thumb Code    12  io.o(.text)
    ResetCaliCmdFlag                         0x0800fb21   Thumb Code    12  io.o(.text)
    GetCaliCmdFlagGrp                        0x0800fb2d   Thumb Code     6  io.o(.text)
    IsCaliCmdFlagSet                         0x0800fb33   Thumb Code    18  io.o(.text)
    CalibrateLoop                            0x0800fb45   Thumb Code   102  io.o(.text)
    ShowInformation                          0x0800fbab   Thumb Code    20  io.o(.text)
    SaveInformation                          0x0800fbbf   Thumb Code   204  io.o(.text)
    ioTask                                   0x0800fc8b   Thumb Code    34  io.o(.text)
    show_test                                0x0800fcf5   Thumb Code    96  gps.o(.text)
    SetRouteDataFlag                         0x0800fd55   Thumb Code    12  gps.o(.text)
    ResetRouteDataFlag                       0x0800fd61   Thumb Code    12  gps.o(.text)
    IsRouteDataFlagSet                       0x0800fd6d   Thumb Code    18  gps.o(.text)
    Reset_RouteData_Flagt                    0x0800fd7f   Thumb Code    14  gps.o(.text)
    GPSBaseLocation                          0x0800fd8d   Thumb Code   186  gps.o(.text)
    GPSRoutesData                            0x0800fe47   Thumb Code   168  gps.o(.text)
    GPSHeadOffsetProcess                     0x0800feef   Thumb Code    26  gps.o(.text)
    GPSBiasProcess                           0x0800ff09   Thumb Code    48  gps.o(.text)
    gpsRange                                 0x0800ff39   Thumb Code   104  gps.o(.text)
    gpsDataProcess                           0x0800ffa1   Thumb Code    66  gps.o(.text)
    headDataFiltrate                         0x0800ffe3   Thumb Code    76  gps.o(.text)
    inclinedAngle                            0x0801002f   Thumb Code   756  gps.o(.text)
    GetHeadBias                              0x08010323   Thumb Code   112  gps.o(.text)
    Gpsdest_Show                             0x08010393   Thumb Code   104  gps.o(.text)
    updateHeadbias                           0x080103fb   Thumb Code   984  gps.o(.text)
    gpsTask                                  0x080107d3   Thumb Code    16  gps.o(.text)
    Gps_Show                                 0x080107e3   Thumb Code   456  gps.o(.text)
    GPSHeadOffset_Show                       0x080109ab   Thumb Code    78  gps.o(.text)
    Get_Lost_Error                           0x08010a4d   Thumb Code    10  supervise.o(.text)
    LED_TOGGLE                               0x08010a57   Thumb Code   204  supervise.o(.text)
    GetLostCounter                           0x08010b23   Thumb Code    18  supervise.o(.text)
    SuperviseTask                            0x08010b35   Thumb Code   306  supervise.o(.text)
    Is_Lost_Error_Set                        0x08010c67   Thumb Code    22  supervise.o(.text)
    Is_Serious_Error                         0x08010c7d   Thumb Code    44  supervise.o(.text)
    MAG_PRH_Analysis                         0x08010cd5   Thumb Code   104  compass.o(.text)
    Mag_Show                                 0x08010d3d   Thumb Code    76  compass.o(.text)
    fupd_prog                                0x08010da1   Thumb Code   148  fontupd.o(.text)
    updata_fontx                             0x08010e35   Thumb Code   340  fontupd.o(.text)
    update_font                              0x08010f89   Thumb Code   856  fontupd.o(.text)
    font_init                                0x080112e1   Thumb Code    64  fontupd.o(.text)
    Get_HzMat                                0x0801135d   Thumb Code   220  text.o(.text)
    Show_Font                                0x08011439   Thumb Code   190  text.o(.text)
    Show_Str                                 0x080114f7   Thumb Code   192  text.o(.text)
    Show_Str_Mid                             0x080115b7   Thumb Code   106  text.o(.text)
    storeAssertSnapshotData                  0x08011631   Thumb Code    14  debug_assert.o(.text)
    assertFail                               0x0801163f   Thumb Code    44  debug_assert.o(.text)
    printAssertSnapshotData                  0x0801166b   Thumb Code    34  debug_assert.o(.text)
    vApplicationMallocFailedHook             0x080116e5   Thumb Code    28  freertosdebug.o(.text)
    debugSendTraceInfo                       0x08011701   Thumb Code     2  freertosdebug.o(.text)
    requestBaseLocation                      0x08011a1f   Thumb Code    38  atkp.o(.text)
    requestRoutesData                        0x08011a45   Thumb Code    38  atkp.o(.text)
    atkpRxAnlTask                            0x08011d87   Thumb Code    26  atkp.o(.text)
    atkpInit                                 0x08011da1   Thumb Code    36  atkp.o(.text)
    atkpReceivePacketBlocking                0x08011dc5   Thumb Code    60  atkp.o(.text)
    radiolinkSendPacket                      0x08011ef3   Thumb Code    56  maslink.o(.text)
    maslinkTask                              0x08011f2b   Thumb Code   266  maslink.o(.text)
    maslinkInit                              0x08012035   Thumb Code    38  maslink.o(.text)
    armlinkSendPacket                        0x0801213f   Thumb Code    56  armlink.o(.text)
    armlinkSendPacketBlocking                0x08012177   Thumb Code    56  armlink.o(.text)
    armlinkReciveTask                        0x080121af   Thumb Code   266  armlink.o(.text)
    armlinkTask                              0x080122b9   Thumb Code    46  armlink.o(.text)
    armlinkInit                              0x080122e7   Thumb Code    38  armlink.o(.text)
    LostCounterFeed                          0x08012399   Thumb Code     8  lostcounter.o(.text)
    LostCounterCount                         0x080123a1   Thumb Code    10  lostcounter.o(.text)
    LostCounterOverflowCheck                 0x080123ab   Thumb Code    14  lostcounter.o(.text)
    PID_Reset                                0x080123b9   Thumb Code    50  pid_regulator.o(.text)
    PID_Calc                                 0x080123eb   Thumb Code   234  pid_regulator.o(.text)
    __aeabi_ldivmod                          0x080124d9   Thumb Code    98  ldiv.o(.text)
    __aeabi_llsl                             0x0801253b   Thumb Code    30  llshl.o(.text)
    _ll_shift_l                              0x0801253b   Thumb Code     0  llshl.o(.text)
    __aeabi_memcpy                           0x08012559   Thumb Code    36  memcpya.o(.text)
    __aeabi_memcpy4                          0x08012559   Thumb Code     0  memcpya.o(.text)
    __aeabi_memcpy8                          0x08012559   Thumb Code     0  memcpya.o(.text)
    __aeabi_memset                           0x0801257d   Thumb Code    14  memseta.o(.text)
    __aeabi_memset4                          0x0801257d   Thumb Code     0  memseta.o(.text)
    __aeabi_memset8                          0x0801257d   Thumb Code     0  memseta.o(.text)
    __aeabi_memclr                           0x0801258b   Thumb Code     4  memseta.o(.text)
    __aeabi_memclr4                          0x0801258b   Thumb Code     0  memseta.o(.text)
    __aeabi_memclr8                          0x0801258b   Thumb Code     0  memseta.o(.text)
    _memset$wrapper                          0x0801258f   Thumb Code    18  memseta.o(.text)
    strcat                                   0x080125a1   Thumb Code    24  strcat.o(.text)
    strlen                                   0x080125b9   Thumb Code    14  strlen.o(.text)
    strcmp                                   0x080125c7   Thumb Code    28  strcmp.o(.text)
    strcpy                                   0x080125e3   Thumb Code    18  strcpy.o(.text)
    __aeabi_dadd                             0x080125f5   Thumb Code   322  dadd.o(.text)
    __aeabi_dsub                             0x08012737   Thumb Code     6  dadd.o(.text)
    __aeabi_drsub                            0x0801273d   Thumb Code     6  dadd.o(.text)
    __aeabi_dmul                             0x08012743   Thumb Code   228  dmul.o(.text)
    __aeabi_ddiv                             0x08012827   Thumb Code   222  ddiv.o(.text)
    __aeabi_i2d                              0x08012905   Thumb Code    34  dflti.o(.text)
    __aeabi_ui2d                             0x08012927   Thumb Code    26  dfltui.o(.text)
    __aeabi_l2d                              0x08012941   Thumb Code    40  dfltl.o(.text)
    __aeabi_d2iz                             0x08012969   Thumb Code    62  dfixi.o(.text)
    __aeabi_d2uiz                            0x080129a7   Thumb Code    50  dfixui.o(.text)
    __aeabi_d2lz                             0x080129d9   Thumb Code    74  dfixl.o(.text)
    __aeabi_f2d                              0x08012a23   Thumb Code    38  f2d.o(.text)
    __aeabi_cdcmpeq                          0x08012a49   Thumb Code     0  cdcmple.o(.text)
    __aeabi_cdcmple                          0x08012a49   Thumb Code    48  cdcmple.o(.text)
    __aeabi_cdrcmple                         0x08012a79   Thumb Code    48  cdrcmple.o(.text)
    __aeabi_d2f                              0x08012aa9   Thumb Code    56  d2f.o(.text)
    __aeabi_uidiv                            0x08012ae1   Thumb Code     0  uidiv.o(.text)
    __aeabi_uidivmod                         0x08012ae1   Thumb Code    44  uidiv.o(.text)
    __aeabi_uldivmod                         0x08012b0d   Thumb Code    98  uldiv.o(.text)
    __aeabi_llsr                             0x08012b6f   Thumb Code    32  llushr.o(.text)
    _ll_ushift_r                             0x08012b6f   Thumb Code     0  llushr.o(.text)
    __aeabi_lasr                             0x08012b8f   Thumb Code    36  llsshr.o(.text)
    _ll_sshift_r                             0x08012b8f   Thumb Code     0  llsshr.o(.text)
    __I$use$fp                               0x08012bb3   Thumb Code     0  iusefp.o(.text)
    _float_round                             0x08012bb3   Thumb Code    18  fepilogue.o(.text)
    _float_epilogue                          0x08012bc5   Thumb Code    92  fepilogue.o(.text)
    _double_round                            0x08012c21   Thumb Code    30  depilogue.o(.text)
    _double_epilogue                         0x08012c3f   Thumb Code   156  depilogue.o(.text)
    _dsqrt                                   0x08012cdb   Thumb Code   162  dsqrt.o(.text)
    __aeabi_d2ulz                            0x08012d7d   Thumb Code    48  dfixul.o(.text)
    __scatterload                            0x08012dad   Thumb Code    28  init.o(.text)
    __scatterload_rt2                        0x08012dad   Thumb Code     0  init.o(.text)
    __decompress                             0x08012dd1   Thumb Code     0  __dczerorl2.o(.text)
    __decompress1                            0x08012dd1   Thumb Code    86  __dczerorl2.o(.text)
    __0printf                                0x08012e29   Thumb Code    22  printfa.o(i.__0printf)
    __1printf                                0x08012e29   Thumb Code     0  printfa.o(i.__0printf)
    __2printf                                0x08012e29   Thumb Code     0  printfa.o(i.__0printf)
    __c89printf                              0x08012e29   Thumb Code     0  printfa.o(i.__0printf)
    printf                                   0x08012e29   Thumb Code     0  printfa.o(i.__0printf)
    __0sprintf                               0x08012e49   Thumb Code    34  printfa.o(i.__0sprintf)
    __1sprintf                               0x08012e49   Thumb Code     0  printfa.o(i.__0sprintf)
    __2sprintf                               0x08012e49   Thumb Code     0  printfa.o(i.__0sprintf)
    __c89sprintf                             0x08012e49   Thumb Code     0  printfa.o(i.__0sprintf)
    sprintf                                  0x08012e49   Thumb Code     0  printfa.o(i.__0sprintf)
    __ARM_fpclassify                         0x08012e71   Thumb Code    48  fpclassify.o(i.__ARM_fpclassify)
    __hardfp_asin                            0x08012ea1   Thumb Code   770  asin.o(i.__hardfp_asin)
    __hardfp_cos                             0x08013201   Thumb Code   180  cos.o(i.__hardfp_cos)
    __hardfp_sin                             0x080132c9   Thumb Code   180  sin.o(i.__hardfp_sin)
    __hardfp_sqrt                            0x08013391   Thumb Code   122  sqrt.o(i.__hardfp_sqrt)
    __ieee754_rem_pio2                       0x08013411   Thumb Code   938  rred.o(i.__ieee754_rem_pio2)
    __kernel_cos                             0x08013849   Thumb Code   322  cos_i.o(i.__kernel_cos)
    __kernel_poly                            0x080139b9   Thumb Code   248  poly.o(i.__kernel_poly)
    __kernel_sin                             0x08013ab1   Thumb Code   280  sin_i.o(i.__kernel_sin)
    __mathlib_dbl_infnan                     0x08013be1   Thumb Code    20  dunder.o(i.__mathlib_dbl_infnan)
    __mathlib_dbl_invalid                    0x08013bf9   Thumb Code    24  dunder.o(i.__mathlib_dbl_invalid)
    __mathlib_dbl_underflow                  0x08013c19   Thumb Code    24  dunder.o(i.__mathlib_dbl_underflow)
    __scatterload_copy                       0x08013c39   Thumb Code    14  handlers.o(i.__scatterload_copy)
    __scatterload_null                       0x08013c47   Thumb Code     2  handlers.o(i.__scatterload_null)
    __scatterload_zeroinit                   0x08013c49   Thumb Code    14  handlers.o(i.__scatterload_zeroinit)
    __set_errno                              0x08013c59   Thumb Code     6  errno.o(i.__set_errno)
    fabs                                     0x08014521   Thumb Code    24  fabs.o(i.fabs)
    sqrt                                     0x08014539   Thumb Code   110  sqrt.o(i.sqrt)
    asc2_1206                                0x080145a6   Data        1140  lcd.o(.constdata)
    asc2_1608                                0x08014a1a   Data        1520  lcd.o(.constdata)
    asc2_2412                                0x0801500a   Data        3420  lcd.o(.constdata)
    FSMC_DefaultTimingStruct                 0x08015d68   Data          28  stm32f4xx_fsmc.o(.constdata)
    lost_counter_len                         0x08016180   Data          28  supervise.o(.constdata)
    GBK24_PATH                               0x0801619c   Data           4  fontupd.o(.constdata)
    GBK16_PATH                               0x080161a0   Data           4  fontupd.o(.constdata)
    GBK12_PATH                               0x080161a4   Data           4  fontupd.o(.constdata)
    UNIGBK_PATH                              0x080161a8   Data           4  fontupd.o(.constdata)
    Region$$Table$$Base                      0x080163e4   Number         0  anon$$obj.o(Region$$Table)
    Region$$Table$$Limit                     0x08016404   Number         0  anon$$obj.o(Region$$Table)
    StartTask_Handler                        0x20000000   Data           4  main.o(.data)
    SystemCoreClock                          0x20000004   Data           4  system_stm32f4xx.o(.data)
    AHBPrescTable                            0x20000008   Data          16  system_stm32f4xx.o(.data)
    POINT_COLOR                              0x20000018   Data           2  lcd.o(.data)
    BACK_COLOR                               0x2000001a   Data           2  lcd.o(.data)
    W25QXX_TYPE                              0x20000024   Data           2  w25qxx.o(.data)
    FLASH_SIZE                               0x20000028   Data           4  w25qxx.o(.data)
    TransferError                            0x20000036   Data           1  sdcard.o(.data)
    TransferEnd                              0x20000037   Data           1  sdcard.o(.data)
    tempbuff                                 0x20000038   Data           4  sdcard.o(.data)
    __stdout                                 0x20000060   Data           4  sys.o(.data)
    pxCurrentTCB                             0x20000064   Data           4  tasks.o(.data)
    FILE_TYPE_TBL                            0x20000104   Data         312  exfuns.o(.data)
    fs                                       0x2000023c   Data           8  exfuns.o(.data)
    file                                     0x20000244   Data           4  exfuns.o(.data)
    ftemp                                    0x20000248   Data           4  exfuns.o(.data)
    br                                       0x2000024c   Data           4  exfuns.o(.data)
    bw                                       0x20000250   Data           4  exfuns.o(.data)
    fatbuf                                   0x20000254   Data           4  exfuns.o(.data)
    FLASH_SECTOR_COUNT                       0x20000258   Data           2  diskio.o(.data)
    device_sta                               0x20000266   Data           6  remote.o(.data)
    rs                                       0x2000026c   Data          20  remote.o(.data)
    ChassisSpeedRef                          0x20000280   Data           4  remote.o(.data)
    autoSpeed                                0x20000284   Data           6  remote.o(.data)
    remoteFator                              0x2000028a   Data           8  remote.o(.data)
    CMRotatePID                              0x20000294   Data          80  stabilizer.o(.data)
    CM1SpeedPID                              0x200002e4   Data          80  stabilizer.o(.data)
    CM2SpeedPID                              0x20000334   Data          80  stabilizer.o(.data)
    CM3SpeedPID                              0x20000384   Data          80  stabilizer.o(.data)
    CM4SpeedPID                              0x200003d4   Data          80  stabilizer.o(.data)
    lastWorkState                            0x20000424   Data           1  stabilizer.o(.data)
    workState                                0x20000425   Data           1  stabilizer.o(.data)
    app_param_calied_flag                    0x20000430   Data           1  io.o(.data)
    filename                                 0x20000434   Data           4  io.o(.data)
    RTC_TimeStruct                           0x20000438   Data           4  io.o(.data)
    RTC_DateStruct                           0x2000043c   Data           4  io.o(.data)
    res                                      0x20000440   Data           1  io.o(.data)
    bww                                      0x20000444   Data           4  io.o(.data)
    GpsCali                                  0x2000044a   Data           4  gps.o(.data)
    lost_counter                             0x20000450   Data          28  supervise.o(.data)
    lost_err                                 0x2000046c   Data           4  supervise.o(.data)
    snapshot                                 0x20000494   Data          12  debug_assert.o(.nzds)
    lcddev                                   0x200004a0   Data          14  lcd.o(.bss)
    W25QXX_BUFFER                            0x200004ae   Data        4096  w25qxx.o(.bss)
    SDIO_InitStructure                       0x200014b0   Data          24  sdcard.o(.bss)
    SDIO_CmdInitStructure                    0x200014c8   Data          20  sdcard.o(.bss)
    SDIO_DataInitStructure                   0x200014dc   Data          24  sdcard.o(.bss)
    SDCardInfo                               0x20001518   Data          88  sdcard.o(.bss)
    SDIO_DATA_BUFFER                         0x20001570   Data         512  sdcard.o(.bss)
    USART3_RX_BUF                            0x20001770   Data          52  usart_remote.o(.bss)
    xQueueRegistry                           0x200017a4   Data          80  queue.o(.bss)
    configParam                              0x20009148   Data          43  config_param.o(.bss)
    fil                                      0x20009174   Data         552  io.o(.bss)
    gpsx                                     0x200093a0   Data          64  gps.o(.bss)
    headFifo                                 0x200093e0   Data          21  gps.o(.bss)
    routes                                   0x200093f5   Data          97  gps.o(.bss)
    headData                                 0x20009456   Data          19  gps.o(.bss)
    magData                                  0x2000946c   Data          20  compass.o(.bss)
    ftinfo                                   0x20009480   Data          33  fontupd.o(.bss)
    __initial_sp                             0x20009988   Data           0  startup_stm32f40_41xxx.o(STACK)



==============================================================================

Memory Map of the image

  Image Entry point : 0x08000189

  Load Region LR_IROM1 (Base: 0x08000000, Size: 0x000168a4, Max: 0x00100000, ABSOLUTE, COMPRESSED[0x000164dc])

    Execution Region ER_IROM1 (Base: 0x08000000, Size: 0x00016404, Max: 0x00100000, ABSOLUTE)

    Base Addr    Size         Type   Attr      Idx    E Section Name        Object

    0x08000000   0x00000188   Data   RO          733    RESET               startup_stm32f40_41xxx.o
    0x08000188   0x00000000   Code   RO         1958  * .ARM.Collect$$$$00000000  mc_w.l(entry.o)
    0x08000188   0x00000004   Code   RO         2304    .ARM.Collect$$$$00000001  mc_w.l(entry2.o)
    0x0800018c   0x00000004   Code   RO         2307    .ARM.Collect$$$$00000004  mc_w.l(entry5.o)
    0x08000190   0x00000000   Code   RO         2309    .ARM.Collect$$$$00000008  mc_w.l(entry7b.o)
    0x08000190   0x00000000   Code   RO         2311    .ARM.Collect$$$$0000000A  mc_w.l(entry8b.o)
    0x08000190   0x00000008   Code   RO         2312    .ARM.Collect$$$$0000000B  mc_w.l(entry9a.o)
    0x08000198   0x00000000   Code   RO         2314    .ARM.Collect$$$$0000000D  mc_w.l(entry10a.o)
    0x08000198   0x00000000   Code   RO         2316    .ARM.Collect$$$$0000000F  mc_w.l(entry11a.o)
    0x08000198   0x00000004   Code   RO         2305    .ARM.Collect$$$$00002712  mc_w.l(entry2.o)
    0x0800019c   0x00000012   Code   RO          460    .emb_text           nvic.o
    0x080001ae   0x00000002   PAD
    0x080001b0   0x00000010   Code   RO         1047    .emb_text           sys.o
    0x080001c0   0x000000b6   Code   RO         1231    .emb_text           port.o
    0x08000276   0x00000002   PAD
    0x08000278   0x0000014c   Code   RO            3    .text               main.o
    0x080003c4   0x00000002   Code   RO          291    .text               stm32f4xx_it.o
    0x080003c6   0x00000002   PAD
    0x080003c8   0x00000210   Code   RO          340    .text               system_stm32f4xx.o
    0x080005d8   0x00000060   Code   RO          366    .text               led.o
    0x08000638   0x0000003c   Code   RO          386    .text               beep.o
    0x08000674   0x000000ce   Code   RO          406    .text               rtc.o
    0x08000742   0x00000002   PAD
    0x08000744   0x00001bd0   Code   RO          426    .text               lcd.o
    0x08002314   0x000001ac   Code   RO          461    .text               nvic.o
    0x080024c0   0x000001e4   Code   RO          496    .text               exti.o
    0x080026a4   0x00000118   Code   RO          517    .text               spi.o
    0x080027bc   0x00000358   Code   RO          540    .text               w25qxx.o
    0x08002b14   0x00001d60   Code   RO          567    .text               sdcard.o
    0x08004874   0x000001a4   Code   RO          597    .text               uart_arm.o
    0x08004a18   0x00000198   Code   RO          625    .text               uart_syslink.o
    0x08004bb0   0x000001f0   Code   RO          647    .text               usart_remote.o
    0x08004da0   0x000000e4   Code   RO          670    .text               uart_debug.o
    0x08004e84   0x000001e4   Code   RO          690    .text               pwm_motors.o
    0x08005068   0x0000041c   Code   RO          713    .text               system.o
    0x08005484   0x00000024   Code   RO          734    .text               startup_stm32f40_41xxx.o
    0x080054a8   0x000000e0   Code   RO          740    .text               misc.o
    0x08005588   0x000005c8   Code   RO          760    .text               stm32f4xx_fsmc.o
    0x08005b50   0x00000294   Code   RO          783    .text               stm32f4xx_gpio.o
    0x08005de4   0x0000065c   Code   RO          803    .text               stm32f4xx_rcc.o
    0x08006440   0x00000ca2   Code   RO          845    .text               stm32f4xx_tim.o
    0x080070e2   0x00000002   PAD
    0x080070e4   0x00000454   Code   RO          865    .text               stm32f4xx_usart.o
    0x08007538   0x00000110   Code   RO          885    .text               stm32f4xx_exti.o
    0x08007648   0x000003a8   Code   RO          905    .text               stm32f4xx_dma.o
    0x080079f0   0x000001dc   Code   RO          945    .text               stm32f4xx_sdio.o
    0x08007bcc   0x00000d68   Code   RO          965    .text               stm32f4xx_rtc.o
    0x08008934   0x0000016c   Code   RO          985    .text               stm32f4xx_pwr.o
    0x08008aa0   0x00000480   Code   RO         1005    .text               stm32f4xx_spi.o
    0x08008f20   0x000000dc   Code   RO         1025    .text               delay.o
    0x08008ffc   0x00000020   Code   RO         1048    .text               sys.o
    0x0800901c   0x00000094   Code   RO         1078    .text               list.o
    0x080090b0   0x000009c8   Code   RO         1108    .text               queue.o
    0x08009a78   0x000014d8   Code   RO         1146    .text               tasks.o
    0x0800af50   0x00000464   Code   RO         1185    .text               timers.o
    0x0800b3b4   0x000001f0   Code   RO         1208    .text               heap_4.o
    0x0800b5a4   0x00000110   Code   RO         1232    .text               port.o
    0x0800b6b4   0x0000049c   Code   RO         1269    .text               config_param.o
    0x0800bb50   0x00000198   Code   RO         1307    .text               exfuns.o
    0x0800bce8   0x000001cc   Code   RO         1348    .text               diskio.o
    0x0800beb4   0x00003296   Code   RO         1372    .text               ff.o
    0x0800f14a   0x00000002   PAD
    0x0800f14c   0x000000cc   Code   RO         1392    .text               cc936.o
    0x0800f218   0x000004f8   Code   RO         1413    .text               remote.o
    0x0800f710   0x000003d4   Code   RO         1447    .text               stabilizer.o
    0x0800fae4   0x00000210   Code   RO         1489    .text               io.o
    0x0800fcf4   0x00000d58   Code   RO         1519    .text               gps.o
    0x08010a4c   0x00000288   Code   RO         1550    .text               supervise.o
    0x08010cd4   0x000000cc   Code   RO         1578    .text               compass.o
    0x08010da0   0x000005bc   Code   RO         1604    .text               fontupd.o
    0x0801135c   0x000002d4   Code   RO         1633    .text               text.o
    0x08011630   0x000000b4   Code   RO         1653    .text               debug_assert.o
    0x080116e4   0x00000034   Code   RO         1683    .text               freertosdebug.o
    0x08011718   0x0000074c   Code   RO         1734    .text               atkp.o
    0x08011e64   0x00000284   Code   RO         1756    .text               maslink.o
    0x080120e8   0x000002b0   Code   RO         1779    .text               armlink.o
    0x08012398   0x00000020   Code   RO         1802    .text               RMLib.lib(lostcounter.o)
    0x080123b8   0x00000120   Code   RO         1884    .text               RMLib.lib(pid_regulator.o)
    0x080124d8   0x00000062   Code   RO         1961    .text               mc_w.l(ldiv.o)
    0x0801253a   0x0000001e   Code   RO         1963    .text               mc_w.l(llshl.o)
    0x08012558   0x00000024   Code   RO         1965    .text               mc_w.l(memcpya.o)
    0x0801257c   0x00000024   Code   RO         1967    .text               mc_w.l(memseta.o)
    0x080125a0   0x00000018   Code   RO         1969    .text               mc_w.l(strcat.o)
    0x080125b8   0x0000000e   Code   RO         1971    .text               mc_w.l(strlen.o)
    0x080125c6   0x0000001c   Code   RO         1973    .text               mc_w.l(strcmp.o)
    0x080125e2   0x00000012   Code   RO         1975    .text               mc_w.l(strcpy.o)
    0x080125f4   0x0000014e   Code   RO         2240    .text               mf_w.l(dadd.o)
    0x08012742   0x000000e4   Code   RO         2242    .text               mf_w.l(dmul.o)
    0x08012826   0x000000de   Code   RO         2244    .text               mf_w.l(ddiv.o)
    0x08012904   0x00000022   Code   RO         2246    .text               mf_w.l(dflti.o)
    0x08012926   0x0000001a   Code   RO         2248    .text               mf_w.l(dfltui.o)
    0x08012940   0x00000028   Code   RO         2250    .text               mf_w.l(dfltl.o)
    0x08012968   0x0000003e   Code   RO         2252    .text               mf_w.l(dfixi.o)
    0x080129a6   0x00000032   Code   RO         2254    .text               mf_w.l(dfixui.o)
    0x080129d8   0x0000004a   Code   RO         2256    .text               mf_w.l(dfixl.o)
    0x08012a22   0x00000026   Code   RO         2258    .text               mf_w.l(f2d.o)
    0x08012a48   0x00000030   Code   RO         2260    .text               mf_w.l(cdcmple.o)
    0x08012a78   0x00000030   Code   RO         2262    .text               mf_w.l(cdrcmple.o)
    0x08012aa8   0x00000038   Code   RO         2264    .text               mf_w.l(d2f.o)
    0x08012ae0   0x0000002c   Code   RO         2318    .text               mc_w.l(uidiv.o)
    0x08012b0c   0x00000062   Code   RO         2320    .text               mc_w.l(uldiv.o)
    0x08012b6e   0x00000020   Code   RO         2322    .text               mc_w.l(llushr.o)
    0x08012b8e   0x00000024   Code   RO         2324    .text               mc_w.l(llsshr.o)
    0x08012bb2   0x00000000   Code   RO         2333    .text               mc_w.l(iusefp.o)
    0x08012bb2   0x0000006e   Code   RO         2334    .text               mf_w.l(fepilogue.o)
    0x08012c20   0x000000ba   Code   RO         2336    .text               mf_w.l(depilogue.o)
    0x08012cda   0x000000a2   Code   RO         2340    .text               mf_w.l(dsqrt.o)
    0x08012d7c   0x00000030   Code   RO         2342    .text               mf_w.l(dfixul.o)
    0x08012dac   0x00000024   Code   RO         2344    .text               mc_w.l(init.o)
    0x08012dd0   0x00000056   Code   RO         2354    .text               mc_w.l(__dczerorl2.o)
    0x08012e26   0x00000002   PAD
    0x08012e28   0x00000020   Code   RO         2212    i.__0printf         mc_w.l(printfa.o)
    0x08012e48   0x00000028   Code   RO         2214    i.__0sprintf        mc_w.l(printfa.o)
    0x08012e70   0x00000030   Code   RO         2289    i.__ARM_fpclassify  m_wm.l(fpclassify.o)
    0x08012ea0   0x00000360   Code   RO         1908    i.__hardfp_asin     m_wm.l(asin.o)
    0x08013200   0x000000c8   Code   RO         1922    i.__hardfp_cos      m_wm.l(cos.o)
    0x080132c8   0x000000c8   Code   RO         1934    i.__hardfp_sin      m_wm.l(sin.o)
    0x08013390   0x0000007a   Code   RO         1946    i.__hardfp_sqrt     m_wm.l(sqrt.o)
    0x0801340a   0x00000006   PAD
    0x08013410   0x00000438   Code   RO         2293    i.__ieee754_rem_pio2  m_wm.l(rred.o)
    0x08013848   0x00000170   Code   RO         2266    i.__kernel_cos      m_wm.l(cos_i.o)
    0x080139b8   0x000000f8   Code   RO         2291    i.__kernel_poly     m_wm.l(poly.o)
    0x08013ab0   0x00000130   Code   RO         2298    i.__kernel_sin      m_wm.l(sin_i.o)
    0x08013be0   0x00000014   Code   RO         2270    i.__mathlib_dbl_infnan  m_wm.l(dunder.o)
    0x08013bf4   0x00000004   PAD
    0x08013bf8   0x00000020   Code   RO         2272    i.__mathlib_dbl_invalid  m_wm.l(dunder.o)
    0x08013c18   0x00000020   Code   RO         2275    i.__mathlib_dbl_underflow  m_wm.l(dunder.o)
    0x08013c38   0x0000000e   Code   RO         2348    i.__scatterload_copy  mc_w.l(handlers.o)
    0x08013c46   0x00000002   Code   RO         2349    i.__scatterload_null  mc_w.l(handlers.o)
    0x08013c48   0x0000000e   Code   RO         2350    i.__scatterload_zeroinit  mc_w.l(handlers.o)
    0x08013c56   0x00000002   PAD
    0x08013c58   0x0000000c   Code   RO         2328    i.__set_errno       mc_w.l(errno.o)
    0x08013c64   0x00000184   Code   RO         2219    i._fp_digits        mc_w.l(printfa.o)
    0x08013de8   0x000006dc   Code   RO         2220    i._printf_core      mc_w.l(printfa.o)
    0x080144c4   0x00000024   Code   RO         2221    i._printf_post_padding  mc_w.l(printfa.o)
    0x080144e8   0x0000002e   Code   RO         2222    i._printf_pre_padding  mc_w.l(printfa.o)
    0x08014516   0x0000000a   Code   RO         2224    i._sputc            mc_w.l(printfa.o)
    0x08014520   0x00000018   Code   RO         2285    i.fabs              m_wm.l(fabs.o)
    0x08014538   0x0000006e   Code   RO         1948    i.sqrt              m_wm.l(sqrt.o)
    0x080145a6   0x000017c0   Data   RO          428    .constdata          lcd.o
    0x08015d66   0x00000002   PAD
    0x08015d68   0x0000001c   Data   RO          761    .constdata          stm32f4xx_fsmc.o
    0x08015d84   0x0000003a   Data   RO         1373    .constdata          ff.o
    0x08015dbe   0x000003c0   Data   RO         1393    .constdata          cc936.o
    0x0801617e   0x00000002   PAD
    0x08016180   0x0000001c   Data   RO         1551    .constdata          supervise.o
    0x0801619c   0x00000010   Data   RO         1606    .constdata          fontupd.o
    0x080161ac   0x00000004   PAD
    0x080161b0   0x00000050   Data   RO         1911    .constdata          m_wm.l(asin.o)
    0x08016200   0x00000030   Data   RO         2267    .constdata          m_wm.l(cos_i.o)
    0x08016230   0x000000c8   Data   RO         2295    .constdata          m_wm.l(rred.o)
    0x080162f8   0x00000028   Data   RO         2299    .constdata          m_wm.l(sin_i.o)
    0x08016320   0x00000060   Data   RO         1309    .conststring        exfuns.o
    0x08016380   0x0000005f   Data   RO         1607    .conststring        fontupd.o
    0x080163df   0x00000001   PAD
    0x080163e0   0x00000001   Data   RO         1654    .conststrlit        debug_assert.o
    0x080163e1   0x00000003   PAD
    0x080163e4   0x00000020   Data   RO         2346    Region$$Table       anon$$obj.o


    Execution Region RW_IRAM1 (Base: 0x20000000, Size: 0x00009988, Max: 0x00020000, ABSOLUTE, COMPRESSED[0x000000d8])

    Base Addr    Size         Type   Attr      Idx    E Section Name        Object

    0x20000000   0x00000004   Data   RW            4    .data               main.o
    0x20000004   0x00000014   Data   RW          341    .data               system_stm32f4xx.o
    0x20000018   0x00000004   Data   RW          429    .data               lcd.o
    0x2000001c   0x00000004   Data   RW          462    .data               nvic.o
    0x20000020   0x00000004   Data   RW          497    .data               exti.o
    0x20000024   0x00000008   Data   RW          542    .data               w25qxx.o
    0x2000002c   0x00000010   Data   RW          569    .data               sdcard.o
    0x2000003c   0x00000008   Data   RW          598    .data               uart_arm.o
    0x20000044   0x00000008   Data   RW          626    .data               uart_syslink.o
    0x2000004c   0x00000010   Data   RW          804    .data               stm32f4xx_rcc.o
    0x2000005c   0x00000004   Data   RW         1026    .data               delay.o
    0x20000060   0x00000004   Data   RW         1049    .data               sys.o
    0x20000064   0x0000003c   Data   RW         1148    .data               tasks.o
    0x200000a0   0x00000014   Data   RW         1187    .data               timers.o
    0x200000b4   0x00000018   Data   RW         1210    .data               heap_4.o
    0x200000cc   0x00000004   Data   RW         1233    .data               port.o
    0x200000d0   0x00000034   Data   RW         1271    .data               config_param.o
    0x20000104   0x00000154   Data   RW         1310    .data               exfuns.o
    0x20000258   0x00000002   Data   RW         1349    .data               diskio.o
    0x2000025a   0x00000002   PAD
    0x2000025c   0x0000000a   Data   RW         1374    .data               ff.o
    0x20000266   0x0000002d   Data   RW         1414    .data               remote.o
    0x20000293   0x00000001   PAD
    0x20000294   0x00000198   Data   RW         1448    .data               stabilizer.o
    0x2000042c   0x0000001c   Data   RW         1491    .data               io.o
    0x20000448   0x00000006   Data   RW         1521    .data               gps.o
    0x2000044e   0x00000002   PAD
    0x20000450   0x0000002c   Data   RW         1552    .data               supervise.o
    0x2000047c   0x00000004   Data   RW         1735    .data               atkp.o
    0x20000480   0x00000008   Data   RW         1758    .data               maslink.o
    0x20000488   0x00000008   Data   RW         1781    .data               armlink.o
    0x20000490   0x00000004   Data   RW         2329    .data               mc_w.l(errno.o)
    0x20000494   0x0000000c   Data   RW         1655    .nzds               debug_assert.o
    0x200004a0   0x0000000e   Zero   RW          427    .bss                lcd.o
    0x200004ae   0x00001000   Zero   RW          541    .bss                w25qxx.o
    0x200014ae   0x00000002   PAD
    0x200014b0   0x000002c0   Zero   RW          568    .bss                sdcard.o
    0x20001770   0x00000034   Zero   RW          648    .bss                usart_remote.o
    0x200017a4   0x00000050   Zero   RW         1109    .bss                queue.o
    0x200017f4   0x0000012c   Zero   RW         1147    .bss                tasks.o
    0x20001920   0x00000028   Zero   RW         1186    .bss                timers.o
    0x20001948   0x00007800   Zero   RW         1209    .bss                heap_4.o
    0x20009148   0x0000002b   Zero   RW         1270    .bss                config_param.o
    0x20009173   0x00000001   PAD
    0x20009174   0x00000228   Zero   RW         1490    .bss                io.o
    0x2000939c   0x00000004   PAD
    0x200093a0   0x000000c9   Zero   RW         1520    .bss                gps.o
    0x20009469   0x00000003   PAD
    0x2000946c   0x00000014   Zero   RW         1579    .bss                compass.o
    0x20009480   0x00000021   Zero   RW         1605    .bss                fontupd.o
    0x200094a1   0x00000072   Zero   RW         1757    .bss                maslink.o
    0x20009513   0x00000072   Zero   RW         1780    .bss                armlink.o
    0x20009585   0x00000003   PAD
    0x20009588   0x00000400   Zero   RW          731    STACK               startup_stm32f40_41xxx.o


==============================================================================

Image component sizes


      Code (inc. data)   RO Data    RW Data    ZI Data      Debug   Object Name

       688        146          0          8        114       2668   armlink.o
      1868        126          0          4          0       4517   atkp.o
        60          4          0          0          0        508   beep.o
       204         12        960          0          0       1649   cc936.o
       204         24          0          0         20       1478   compass.o
      1180        106          0         52         43       3108   config_param.o
       180         88          1         12          0       4212   debug_assert.o
       220         10          0          4          0       1497   delay.o
       460          8          0          2          0       4270   diskio.o
       408         20         96        340          0       5140   exfuns.o
       484          6          0          4          0       3210   exti.o
     12950        138         58         10          0      35618   ff.o
      1468        156        111          0         33       4176   fontupd.o
        52         22          0          0          0        862   freertosdebug.o
      3416        242          0          6        201       7546   gps.o
       496         26          0         24      30720       3292   heap_4.o
       528         72          0         28        552       3163   io.o
      7120        100       6080          4         14      15790   lcd.o
        96         10          0          0          0        522   led.o
       148          0          0          0          0       1910   list.o
       332        112          0          4          0     363072   main.o
       644        148          0          8        114       2446   maslink.o
       224         20          0          0          0       1917   misc.o
       446        188          0          4          0       2875   nvic.o
       454         36          0          4          0       7456   port.o
       484         30          0          0          0       1327   pwm_motors.o
      2504         18          0          0         80      23974   queue.o
      1272         90          0         45          0       6454   remote.o
       206          0          0          0          0       1380   rtc.o
      7520        282          0         16        704      24977   sdcard.o
       280          8          0          0          0       1057   spi.o
       980         70          0        408          0       4372   stabilizer.o
        36          8        392          0       1024        804   startup_stm32f40_41xxx.o
       936         32          0          0          0       6497   stm32f4xx_dma.o
       272         10          0          0          0       2387   stm32f4xx_exti.o
      1480         18         28          0          0       5750   stm32f4xx_fsmc.o
       660         44          0          0          0       4257   stm32f4xx_gpio.o
         2          0          0          0          0        414   stm32f4xx_it.o
       364         12          0          0          0       3823   stm32f4xx_pwr.o
      1628         52          0         16          0      13136   stm32f4xx_rcc.o
      3432         44          0          0          0      15532   stm32f4xx_rtc.o
       476         16          0          0          0       7516   stm32f4xx_sdio.o
      1152         36          0          0          0       7009   stm32f4xx_spi.o
      3234         60          0          0          0      23112   stm32f4xx_tim.o
      1108         34          0          0          0       7984   stm32f4xx_usart.o
       648         44         28         44          0       2881   supervise.o
        48          6          0          4          0       2908   sys.o
      1052        254          0          0          0        701   system.o
       528         46          0         20          0       1723   system_stm32f4xx.o
      5336        322          0         60        300      32887   tasks.o
       724         16          0          0          0       3064   text.o
      1124         64          0         20         40       7875   timers.o
       420         64          0          8          0       2657   uart_arm.o
       228          8          0          0          0        957   uart_debug.o
       408         70          0          8          0       2118   uart_syslink.o
       496         20          0          0         52       1612   usart_remote.o
       856         22          0          8       4096       4372   w25qxx.o

    ----------------------------------------------------------------------
     74236       3620       7798       1180      38120     708419   Object Totals
         0          0         32          0          0          0   (incl. Generated)
        12          0         12          5         13          0   (incl. Padding)

    ----------------------------------------------------------------------

      Code (inc. data)   RO Data    RW Data    ZI Data      Debug   Library Member Name

        32          0          0          0          0       4688   lostcounter.o
       288          4          0          0          0       1785   pid_regulator.o
       864         94         80          0          0        280   asin.o
       200         20          0          0          0        164   cos.o
       368         46         48          0          0        200   cos_i.o
        84         16          0          0          0        372   dunder.o
        24          0          0          0          0        124   fabs.o
        48          0          0          0          0        124   fpclassify.o
       248          0          0          0          0        152   poly.o
      1080        142        200          0          0        188   rred.o
       200         20          0          0          0        164   sin.o
       304         24         40          0          0        208   sin_i.o
       232          0          0          0          0        296   sqrt.o
        86          0          0          0          0          0   __dczerorl2.o
         0          0          0          0          0          0   entry.o
         0          0          0          0          0          0   entry10a.o
         0          0          0          0          0          0   entry11a.o
         8          4          0          0          0          0   entry2.o
         4          0          0          0          0          0   entry5.o
         0          0          0          0          0          0   entry7b.o
         0          0          0          0          0          0   entry8b.o
         8          4          0          0          0          0   entry9a.o
        12          6          0          4          0         68   errno.o
        30          0          0          0          0          0   handlers.o
        36          8          0          0          0         68   init.o
         0          0          0          0          0          0   iusefp.o
        98          0          0          0          0         84   ldiv.o
        30          0          0          0          0         68   llshl.o
        36          0          0          0          0         68   llsshr.o
        32          0          0          0          0         68   llushr.o
        36          0          0          0          0         68   memcpya.o
        36          0          0          0          0        108   memseta.o
      2308         96          0          0          0        604   printfa.o
        24          0          0          0          0         68   strcat.o
        28          0          0          0          0         76   strcmp.o
        18          0          0          0          0         68   strcpy.o
        14          0          0          0          0         68   strlen.o
        44          0          0          0          0         80   uidiv.o
        98          0          0          0          0         92   uldiv.o
        48          0          0          0          0         68   cdcmple.o
        48          0          0          0          0         68   cdrcmple.o
        56          0          0          0          0         88   d2f.o
       334          0          0          0          0        148   dadd.o
       222          0          0          0          0        100   ddiv.o
       186          0          0          0          0        176   depilogue.o
        62          0          0          0          0         80   dfixi.o
        74          0          0          0          0         80   dfixl.o
        50          0          0          0          0         76   dfixui.o
        48          0          0          0          0         68   dfixul.o
        34          0          0          0          0         76   dflti.o
        40          0          0          0          0         80   dfltl.o
        26          0          0          0          0         76   dfltui.o
       228          0          0          0          0         96   dmul.o
       162          0          0          0          0        100   dsqrt.o
        38          0          0          0          0         68   f2d.o
       110          0          0          0          0        168   fepilogue.o

    ----------------------------------------------------------------------
      8738        484        368          4          0      12017   Library Totals
        14          0          0          0          0          0   (incl. Padding)

    ----------------------------------------------------------------------

      Code (inc. data)   RO Data    RW Data    ZI Data      Debug   Library Name

       320          4          0          0          0       6473   RMLib.lib
      3652        362        368          0          0       2272   m_wm.l
      2986        118          0          4          0       1656   mc_w.l
      1766          0          0          0          0       1616   mf_w.l

    ----------------------------------------------------------------------
      8738        484        368          4          0      12017   Library Totals

    ----------------------------------------------------------------------

==============================================================================


      Code (inc. data)   RO Data    RW Data    ZI Data      Debug   

     82974       4104       8166       1184      38120     703500   Grand Totals
     82974       4104       8166        216      38120     703500   ELF Image Totals (compressed)
     82974       4104       8166        216          0          0   ROM Totals

==============================================================================

    Total RO  Size (Code + RO Data)                91140 (  89.00kB)
    Total RW  Size (RW Data + ZI Data)             39304 (  38.38kB)
    Total ROM Size (Code + RO Data + RW Data)      91356 (  89.21kB)

==============================================================================

